Archive member included to satisfy reference by file (symbol)

C:/Users/dvesc/AppData/Local/stm32cube/bundles/gnu-tools-for-stm32/13.3.1+st.8/bin/../lib/gcc/arm-none-eabi/13.3.1/../../../../arm-none-eabi/lib/thumb/v7e-m+fp/hard\libc_nano.a(libc_a-exit.o)
                              C:/Users/dvesc/AppData/Local/stm32cube/bundles/gnu-tools-for-stm32/13.3.1+st.8/bin/../lib/gcc/arm-none-eabi/13.3.1/../../../../arm-none-eabi/lib/thumb/v7e-m+fp/hard/crt0.o (exit)
C:/Users/dvesc/AppData/Local/stm32cube/bundles/gnu-tools-for-stm32/13.3.1+st.8/bin/../lib/gcc/arm-none-eabi/13.3.1/../../../../arm-none-eabi/lib/thumb/v7e-m+fp/hard\libc_nano.a(libc_a-findfp.o)
                              C:/Users/dvesc/AppData/Local/stm32cube/bundles/gnu-tools-for-stm32/13.3.1+st.8/bin/../lib/gcc/arm-none-eabi/13.3.1/../../../../arm-none-eabi/lib/thumb/v7e-m+fp/hard\libc_nano.a(libc_a-exit.o) (__stdio_exit_handler)
C:/Users/dvesc/AppData/Local/stm32cube/bundles/gnu-tools-for-stm32/13.3.1+st.8/bin/../lib/gcc/arm-none-eabi/13.3.1/../../../../arm-none-eabi/lib/thumb/v7e-m+fp/hard\libc_nano.a(libc_a-fwalk.o)
                              C:/Users/dvesc/AppData/Local/stm32cube/bundles/gnu-tools-for-stm32/13.3.1+st.8/bin/../lib/gcc/arm-none-eabi/13.3.1/../../../../arm-none-eabi/lib/thumb/v7e-m+fp/hard\libc_nano.a(libc_a-findfp.o) (_fwalk_sglue)
C:/Users/dvesc/AppData/Local/stm32cube/bundles/gnu-tools-for-stm32/13.3.1+st.8/bin/../lib/gcc/arm-none-eabi/13.3.1/../../../../arm-none-eabi/lib/thumb/v7e-m+fp/hard\libc_nano.a(libc_a-stdio.o)
                              C:/Users/dvesc/AppData/Local/stm32cube/bundles/gnu-tools-for-stm32/13.3.1+st.8/bin/../lib/gcc/arm-none-eabi/13.3.1/../../../../arm-none-eabi/lib/thumb/v7e-m+fp/hard\libc_nano.a(libc_a-findfp.o) (__sread)
C:/Users/dvesc/AppData/Local/stm32cube/bundles/gnu-tools-for-stm32/13.3.1+st.8/bin/../lib/gcc/arm-none-eabi/13.3.1/../../../../arm-none-eabi/lib/thumb/v7e-m+fp/hard\libc_nano.a(libc_a-memset.o)
                              C:/Users/dvesc/AppData/Local/stm32cube/bundles/gnu-tools-for-stm32/13.3.1+st.8/bin/../lib/gcc/arm-none-eabi/13.3.1/../../../../arm-none-eabi/lib/thumb/v7e-m+fp/hard/crt0.o (memset)
C:/Users/dvesc/AppData/Local/stm32cube/bundles/gnu-tools-for-stm32/13.3.1+st.8/bin/../lib/gcc/arm-none-eabi/13.3.1/../../../../arm-none-eabi/lib/thumb/v7e-m+fp/hard\libc_nano.a(libc_a-closer.o)
                              C:/Users/dvesc/AppData/Local/stm32cube/bundles/gnu-tools-for-stm32/13.3.1+st.8/bin/../lib/gcc/arm-none-eabi/13.3.1/../../../../arm-none-eabi/lib/thumb/v7e-m+fp/hard\libc_nano.a(libc_a-stdio.o) (_close_r)
C:/Users/dvesc/AppData/Local/stm32cube/bundles/gnu-tools-for-stm32/13.3.1+st.8/bin/../lib/gcc/arm-none-eabi/13.3.1/../../../../arm-none-eabi/lib/thumb/v7e-m+fp/hard\libc_nano.a(libc_a-reent.o)
                              C:/Users/dvesc/AppData/Local/stm32cube/bundles/gnu-tools-for-stm32/13.3.1+st.8/bin/../lib/gcc/arm-none-eabi/13.3.1/../../../../arm-none-eabi/lib/thumb/v7e-m+fp/hard\libc_nano.a(libc_a-closer.o) (errno)
C:/Users/dvesc/AppData/Local/stm32cube/bundles/gnu-tools-for-stm32/13.3.1+st.8/bin/../lib/gcc/arm-none-eabi/13.3.1/../../../../arm-none-eabi/lib/thumb/v7e-m+fp/hard\libc_nano.a(libc_a-impure.o)
                              C:/Users/dvesc/AppData/Local/stm32cube/bundles/gnu-tools-for-stm32/13.3.1+st.8/bin/../lib/gcc/arm-none-eabi/13.3.1/../../../../arm-none-eabi/lib/thumb/v7e-m+fp/hard\libc_nano.a(libc_a-reent.o) (_impure_ptr)
C:/Users/dvesc/AppData/Local/stm32cube/bundles/gnu-tools-for-stm32/13.3.1+st.8/bin/../lib/gcc/arm-none-eabi/13.3.1/../../../../arm-none-eabi/lib/thumb/v7e-m+fp/hard\libc_nano.a(libc_a-lseekr.o)
                              C:/Users/dvesc/AppData/Local/stm32cube/bundles/gnu-tools-for-stm32/13.3.1+st.8/bin/../lib/gcc/arm-none-eabi/13.3.1/../../../../arm-none-eabi/lib/thumb/v7e-m+fp/hard\libc_nano.a(libc_a-stdio.o) (_lseek_r)
C:/Users/dvesc/AppData/Local/stm32cube/bundles/gnu-tools-for-stm32/13.3.1+st.8/bin/../lib/gcc/arm-none-eabi/13.3.1/../../../../arm-none-eabi/lib/thumb/v7e-m+fp/hard\libc_nano.a(libc_a-readr.o)
                              C:/Users/dvesc/AppData/Local/stm32cube/bundles/gnu-tools-for-stm32/13.3.1+st.8/bin/../lib/gcc/arm-none-eabi/13.3.1/../../../../arm-none-eabi/lib/thumb/v7e-m+fp/hard\libc_nano.a(libc_a-stdio.o) (_read_r)
C:/Users/dvesc/AppData/Local/stm32cube/bundles/gnu-tools-for-stm32/13.3.1+st.8/bin/../lib/gcc/arm-none-eabi/13.3.1/../../../../arm-none-eabi/lib/thumb/v7e-m+fp/hard\libc_nano.a(libc_a-writer.o)
                              C:/Users/dvesc/AppData/Local/stm32cube/bundles/gnu-tools-for-stm32/13.3.1+st.8/bin/../lib/gcc/arm-none-eabi/13.3.1/../../../../arm-none-eabi/lib/thumb/v7e-m+fp/hard\libc_nano.a(libc_a-stdio.o) (_write_r)
C:/Users/dvesc/AppData/Local/stm32cube/bundles/gnu-tools-for-stm32/13.3.1+st.8/bin/../lib/gcc/arm-none-eabi/13.3.1/../../../../arm-none-eabi/lib/thumb/v7e-m+fp/hard\libc_nano.a(libc_a-init.o)
[...]
Memory Configuration

Name             Origin             Length             Attributes
RAM              0x20000000         0x00018000         xrw
RAM2             0x10000000         0x00008000         xrw
FLASH            0x08000000         0x00100000         xr
*default*        0x00000000         0xffffffff

Linker script and memory map

LOAD C:/Users/dvesc/AppData/Local/stm32cube/bundles/gnu-tools-for-stm32/13.3.1+st.8/bin/../lib/gcc/arm-none-eabi/13.3.1/thumb/v7e-m+fp/hard/crti.o
LOAD C:/Users/dvesc/AppData/Local/stm32cube/bundles/gnu-tools-for-stm32/13.3.1+st.8/bin/../lib/gcc/arm-none-eabi/13.3.1/thumb/v7e-m+fp/hard/crtbegin.o
LOAD C:/Users/dvesc/AppData/Local/stm32cube/bundles/gnu-tools-for-stm32/13.3.1+st.8/bin/../lib/gcc/arm-none-eabi/13.3.1/../../../../arm-none-eabi/lib/thumb/v7e-m+fp/hard/crt0.o
START GROUP
LOAD C:/Users/dvesc/AppData/Local/stm32cube/bundles/gnu-tools-for-stm32/13.3.1+st.8/bin/../lib/gcc/arm-none-eabi/13.3.1/../../../../arm-none-eabi/lib/thumb/v7e-m+fp/hard\libc_nano.a
LOAD C:/Users/dvesc/AppData/Local/stm32cube/bundles/gnu-tools-for-stm32/13.3.1+st.8/bin/../lib/gcc/arm-none-eabi/13.3.1/../../../../arm-none-eabi/lib/thumb/v7e-m+fp/hard\libm.a
END GROUP
LOAD cmake/stm32cubemx/CMakeFiles/STM32_Drivers.dir/__/__/Core/Src/system_stm32l4xx.c.obj
LOAD cmake/stm32cubemx/CMakeFiles/STM32_Drivers.dir/__/__/Drivers/STM32L4xx_HAL_Driver/Src/stm32l4xx_hal_tim.c.obj
LOAD cmake/stm32cubemx/CMakeFiles/STM32_Drivers.dir/__/__/Drivers/STM32L4xx_HAL_Driver/Src/stm32l4xx_hal_tim_ex.c.obj
LOAD cmake/stm32cubemx/CMakeFiles/STM32_Drivers.dir/__/__/Drivers/STM32L4xx_HAL_Driver/Src/stm32l4xx_hal.c.obj
LOAD cmake/stm32cubemx/CMakeFiles/STM32_Drivers.dir/__/__/Drivers/STM32L4xx_HAL_Driver/Src/stm32l4xx_hal_rcc.c.obj
LOAD cmake/stm32cubemx/CMakeFiles/STM32_Drivers.dir/__/__/Drivers/STM32L4xx_HAL_Driver/Src/stm32l4xx_hal_rcc_ex.c.obj
LOAD cmake/stm32cubemx/CMakeFiles/STM32_Drivers.dir/__/__/Drivers/STM32L4xx_HAL_Driver/Src/stm32l4xx_hal_flash.c.obj
LOAD cmake/stm32cubemx/CMakeFiles/STM32_Drivers.dir/__/__/Drivers/STM32L4xx_HAL_Driver/Src/stm32l4xx_hal_flash_ex.c.obj
LOAD cmake/stm32cubemx/CMakeFiles/STM32_Drivers.dir/__/__/Drivers/STM32L4xx_HAL_Driver/Src/stm32l4xx_hal_flash_ramfunc.c.obj
LOAD cmake/stm32cubemx/CMakeFiles/STM32_Drivers.dir/__/__/Drivers/STM32L4xx_HAL_Driver/Src/stm32l4xx_hal_gpio.c.obj
LOAD cmake/stm32cubemx/CMakeFiles/STM32_Drivers.dir/__/__/Drivers/STM32L4xx_HAL_Driver/Src/stm32l4xx_hal_i2c.c.obj
LOAD cmake/stm32cubemx/CMakeFiles/STM32_Drivers.dir/__/__/Drivers/STM32L4xx_HAL_Driver/Src/stm32l4xx_hal_i2c_ex.c.obj
LOAD cmake/stm32cubemx/CMakeFiles/STM32_Drivers.dir/__/__/Drivers/STM32L4xx_HAL_Driver/Src/stm32l4xx_hal_dma.c.obj
LOAD cmake/stm32cubemx/CMakeFiles/STM32_Drivers.dir/__/__/Drivers/STM32L4xx_HAL_Driver/Src/stm32l4xx_hal_dma_ex.c.obj
LOAD cmake/stm32cubemx/CMakeFiles/STM32_Drivers.dir/__/__/Drivers/STM32L4xx_HAL_Driver/Src/stm32l4xx_hal_pwr.c.obj
LOAD cmake/stm32cubemx/CMakeFiles/STM32_Drivers.dir/__/__/Drivers/STM32L4xx_HAL_Driver/Src/stm32l4xx_hal_pwr_ex.c.obj
LOAD cmake/stm32cubemx/CMakeFiles/STM32_Drivers.dir/__/__/Drivers/STM32L4xx_HAL_Driver/Src/stm32l4xx_hal_cortex.c.obj
LOAD cmake/stm32cubemx/CMakeFiles/STM32_Drivers.dir/__/__/Drivers/STM32L4xx_HAL_Driver/Src/stm32l4xx_hal_exti.c.obj
LOAD cmake/stm32cubemx/CMakeFiles/STM32_Drivers.dir/__/__/Drivers/STM32L4xx_HAL_Driver/Src/stm32l4xx_ll_sdmmc.c.obj
LOAD cmake/stm32cubemx/CMakeFiles/STM32_Drivers.dir/__/__/Drivers/STM32L4xx_HAL_Driver/Src/stm32l4xx_hal_sd.c.obj
LOAD cmake/stm32cubemx/CMakeFiles/STM32_Drivers.dir/__/__/Drivers/STM32L4xx_HAL_Driver/Src/stm32l4xx_hal_sd_ex.c.obj
LOAD cmake/stm32cubemx/CMakeFiles/STM32_Drivers.dir/__/__/Drivers/STM32L4xx_HAL_Driver/Src/stm32l4xx_hal_mmc.c.obj
LOAD cmake/stm32cubemx/CMakeFiles/STM32_Drivers.dir/__/__/Drivers/STM32L4xx_HAL_Driver/Src/stm32l4xx_hal_mmc_ex.c.obj
LOAD cmake/stm32cubemx/CMakeFiles/FreeRTOS.dir/__/__/Middlewares/Third_Party/FreeRTOS/Source/croutine.c.obj
LOAD cmake/stm32cubemx/CMakeFiles/FreeRTOS.dir/__/__/Middlewares/Third_Party/FreeRTOS/Source/event_groups.c.obj
LOAD cmake/stm32cubemx/CMakeFiles/FreeRTOS.dir/__/__/Middlewares/Third_Party/FreeRTOS/Source/list.c.obj
LOAD cmake/stm32cubemx/CMakeFiles/FreeRTOS.dir/__/__/Middlewares/Third_Party/FreeRTOS/Source/queue.c.obj
LOAD cmake/stm32cubemx/CMakeFiles/FreeRTOS.dir/__/__/Middlewares/Third_Party/FreeRTOS/Source/stream_buffer.c.obj
LOAD cmake/stm32cubemx/CMakeFiles/FreeRTOS.dir/__/__/Middlewares/Third_Party/FreeRTOS/Source/tasks.c.obj
LOAD cmake/stm32cubemx/CMakeFiles/FreeRTOS.dir/__/__/Middlewares/Third_Party/FreeRTOS/Source/timers.c.obj
LOAD cmake/stm32cubemx/CMakeFiles/FreeRTOS.dir/__/__/Middlewares/Third_Party/FreeRTOS/Source/CMSIS_RTOS/cmsis_os.c.obj
LOAD cmake/stm32cubemx/CMakeFiles/FreeRTOS.dir/__/__/Middlewares/Third_Party/FreeRTOS/Source/portable/MemMang/heap_4.c.obj
LOAD cmake/stm32cubemx/CMakeFiles/FreeRTOS.dir/__/__/Middlewares/Third_Party/FreeRTOS/Source/portable/GCC/ARM_CM4F/port.c.obj
LOAD cmake/stm32cubemx/CMakeFiles/FatFs.dir/__/__/Middlewares/Third_Party/FatFs/src/diskio.c.obj
LOAD cmake/stm32cubemx/CMakeFiles/FatFs.dir/__/__/Middlewares/Third_Party/FatFs/src/ff.c.obj
LOAD cmake/stm32cubemx/CMakeFiles/FatFs.dir/__/__/Middlewares/Third_Party/FatFs/src/ff_gen_drv.c.obj
LOAD cmake/stm32cubemx/CMakeFiles/FatFs.dir/__/__/Middlewares/Third_Party/FatFs/src/option/syscall.c.obj
LOAD CMakeFiles/sdCard.dir/FATFS/App/fatfs.c.obj
LOAD CMakeFiles/sdCard.dir/FATFS/Target/bsp_driver_sd.c.obj
LOAD CMakeFiles/sdCard.dir/FATFS/Target/sd_diskio.c.obj
LOAD CMakeFiles/sdCard.dir/FATFS/Target/fatfs_platform.c.obj
LOAD CMakeFiles/sdCard.dir/Core/Src/main.c.obj
LOAD CMakeFiles/sdCard.dir/Core/Src/gpio.c.obj
LOAD CMakeFiles/sdCard.dir/Core/Src/freertos.c.obj
LOAD CMakeFiles/sdCard.dir/Core/Src/dma.c.obj
LOAD CMakeFiles/sdCard.dir/Core/Src/sdmmc.c.obj
LOAD CMakeFiles/sdCard.dir/Core/Src/stm32l4xx_it.c.obj
LOAD CMakeFiles/sdCard.dir/Core/Src/stm32l4xx_hal_msp.c.obj
LOAD CMakeFiles/sdCard.dir/Core/Src/stm32l4xx_hal_timebase_tim.c.obj
LOAD CMakeFiles/sdCard.dir/Core/Src/sysmem.c.obj
LOAD CMakeFiles/sdCard.dir/Core/Src/syscalls.c.obj
LOAD CMakeFiles/sdCard.dir/startup_stm32l476xx.s.obj
START GROUP
LOAD C:/Users/dvesc/AppData/Local/stm32cube/bundles/gnu-tools-for-stm32/13.3.1+st.8/bin/../lib/gcc/arm-none-eabi/13.3.1/thumb/v7e-m+fp/hard\libgcc.a
LOAD C:/Users/dvesc/AppData/Local/stm32cube/bundles/gnu-tools-for-stm32/13.3.1+st.8/bin/../lib/gcc/arm-none-eabi/13.3.1/../../../../arm-none-eabi/lib/thumb/v7e-m+fp/hard\libg_nano.a
LOAD C:/Users/dvesc/AppData/Local/stm32cube/bundles/gnu-tools-for-stm32/13.3.1+st.8/bin/../lib/gcc/arm-none-eabi/13.3.1/../../../../arm-none-eabi/lib/thumb/v7e-m+fp/hard\libc_nano.a
END GROUP
START GROUP
LOAD C:/Users/dvesc/AppData/Local/stm32cube/bundles/gnu-tools-for-stm32/13.3.1+st.8/bin/../lib/gcc/arm-none-eabi/13.3.1/thumb/v7e-m+fp/hard\libgcc.a
LOAD C:/Users/dvesc/AppData/Local/stm32cube/bundles/gnu-tools-for-stm32/13.3.1+st.8/bin/../lib/gcc/arm-none-eabi/13.3.1/../../../../arm-none-eabi/lib/thumb/v7e-m+fp/hard\libc_nano.a
END GROUP
LOAD C:/Users/dvesc/AppData/Local/stm32cube/bundles/gnu-tools-for-stm32/13.3.1+st.8/bin/../lib/gcc/arm-none-eabi/13.3.1/thumb/v7e-m+fp/hard/crtend.o
LOAD C:/Users/dvesc/AppData/Local/stm32cube/bundles/gnu-tools-for-stm32/13.3.1+st.8/bin/../lib/gcc/arm-none-eabi/13.3.1/thumb/v7e-m+fp/hard/crtn.o
                0x20018000                        _estack = (ORIGIN (RAM) + LENGTH (RAM))
                0x00000200                        _Min_Heap_Size = 0x200
                0x00000400                        _Min_Stack_Size = 0x400

.isr_vector     0x08000000      0x188
                0x08000000                        . = ALIGN (0x8)
 *(.isr_vector)
 .isr_vector    0x08000000      0x188 CMakeFiles/sdCard.dir/startup_stm32l476xx.s.obj
                0x08000000                g_pfnVectors
                0x08000188                        . = ALIGN (0x8)

.text           0x08000190     0xc810
                0x08000190                        . = ALIGN (0x8)
 *(.text)
 .text          0x08000190       0x40 C:/Users/dvesc/AppData/Local/stm32cube/bundles/gnu-tools-for-stm32/13.3.1+st.8/bin/../lib/gcc/arm-none-eabi/13.3.1/thumb/v7e-m+fp/hard/crtbegin.o
 .text          0x080001d0       0x14 C:/Users/dvesc/AppData/Local/stm32cube/bundles/gnu-tools-for-stm32/13.3.1+st.8/bin/../lib/gcc/arm-none-eabi/13.3.1/../../../../arm-none-eabi/lib/thumb/v7e-m+fp/hard\libg_nano.a(libc_a-strcmp.o)
                0x080001d0                strcmp
 *fill*         0x080001e4        0xc 
 .text          0x080001f0       0xa0 C:/Users/dvesc/AppData/Local/stm32cube/bundles/gnu-tools-for-stm32/13.3.1+st.8/bin/../lib/gcc/arm-none-eabi/13.3.1/../../../../arm-none-eabi/lib/thumb/v7e-m+fp/hard\libg_nano.a(libc_a-memchr.o)
                0x080001f0                memchr
 *(.text*)
 .text.memset   0x08000290       0x10 C:/Users/dvesc/AppData/Local/stm32cube/bundles/gnu-tools-for-stm32/13.3.1+st.8/bin/../lib/gcc/arm-none-eabi/13.3.1/../../../../arm-none-eabi/lib/thumb/v7e-m+fp/hard\libc_nano.a(libc_a-memset.o)
                0x08000290                memset
 .text._reclaim_reent
                0x080002a0       0xbc C:/Users/dvesc/AppData/Local/stm32cube/bundles/gnu-tools-for-stm32/13.3.1+st.8/bin/../lib/gcc/arm-none-eabi/13.3.1/../../../../arm-none-eabi/lib/thumb/v7e-m+fp/hard\libc_nano.a(libc_a-reent.o)
                0x080002a0                _reclaim_reent
 .text.__libc_init_array
                0x0800035c       0x48 C:/Users/dvesc/AppData/Local/stm32cube/bundles/gnu-tools-for-stm32/13.3.1+st.8/bin/../lib/gcc/arm-none-eabi/13.3.1/../../../../arm-none-eabi/lib/thumb/v7e-m+fp/hard\libc_nano.a(libc_a-init.o)
                0x0800035c                __libc_init_array
 .text.__retarget_lock_acquire_recursive
                0x080003a4        0x2 C:/Users/dvesc/AppData/Local/stm32cube/bundles/gnu-tools-for-stm32/13.3.1+st.8/bin/../lib/gcc/arm-none-eabi/13.3.1/../../../../arm-none-eabi/lib/thumb/v7e-m+fp/hard\libc_nano.a(libc_a-lock.o)
                0x080003a4                __retarget_lock_acquire_recursive
 .text.__retarget_lock_release_recursive
                0x080003a6        0x2 C:/Users/dvesc/AppData/Local/stm32cube/bundles/gnu-tools-for-stm32/13.3.1+st.8/bin/../lib/gcc/arm-none-eabi/13.3.1/../../../../arm-none-eabi/lib/thumb/v7e-m+fp/hard\libc_nano.a(libc_a-lock.o)
                0x080003a6                __retarget_lock_release_recursive
 .text._free_r  0x080003a8       0x94 C:/Users/dvesc/AppData/Local/stm32cube/bundles/gnu-tools-for-stm32/13.3.1+st.8/bin/../lib/gcc/arm-none-eabi/13.3.1/../../../../arm-none-eabi/lib/thumb/v7e-m+fp/hard\libc_nano.a(libc_a-freer.o)
                0x080003a8                _free_r
 .text.sbrk_aligned
                0x0800043c       0x44 C:/Users/dvesc/AppData/Local/stm32cube/bundles/gnu-tools-for-stm32/13.3.1+st.8/bin/../lib/gcc/arm-none-eabi/13.3.1/../../../../arm-none-eabi/lib/thumb/v7e-m+fp/hard\libc_nano.a(libc_a-mallocr.o)
 .text._malloc_r
                0x08000480      0x100 C:/Users/dvesc/AppData/Local/stm32cube/bundles/gnu-tools-for-stm32/13.3.1+st.8/bin/../lib/gcc/arm-none-eabi/13.3.1/../../../../arm-none-eabi/lib/thumb/v7e-m+fp/hard\libc_nano.a(libc_a-mallocr.o)
                0x08000480                _malloc_r
 .text.__malloc_lock
                0x08000580        0xc C:/Users/dvesc/AppData/Local/stm32cube/bundles/gnu-tools-for-stm32/13.3.1+st.8/bin/../lib/gcc/arm-none-eabi/13.3.1/../../../../arm-none-eabi/lib/thumb/v7e-m+fp/hard\libc_nano.a(libc_a-mlock.o)
                0x08000580                __malloc_lock
 .text.__malloc_unlock
                0x0800058c        0xc C:/Users/dvesc/AppData/Local/stm32cube/bundles/gnu-tools-for-stm32/13.3.1+st.8/bin/../lib/gcc/arm-none-eabi/13.3.1/../../../../arm-none-eabi/lib/thumb/v7e-m+fp/hard\libc_nano.a(libc_a-mlock.o)
                0x0800058c                __malloc_unlock
 .text._sbrk_r  0x08000598       0x20 C:/Users/dvesc/AppData/Local/stm32cube/bundles/gnu-tools-for-stm32/13.3.1+st.8/bin/../lib/gcc/arm-none-eabi/13.3.1/../../../../arm-none-eabi/lib/thumb/v7e-m+fp/hard\libc_nano.a(libc_a-sbrkr.o)
                0x08000598                _sbrk_r
 .text.SystemInit
                0x080005b8       0x64 cmake/stm32cubemx/CMakeFiles/STM32_Drivers.dir/__/__/Core/Src/system_stm32l4xx.c.obj
                0x080005b8                SystemInit
 .text.HAL_TIM_Base_Init
                0x0800061c       0xae cmake/stm32cubemx/CMakeFiles/STM32_Drivers.dir/__/__/Drivers/STM32L4xx_HAL_Driver/Src/stm32l4xx_hal_tim.c.obj
                0x0800061c                HAL_TIM_Base_Init
 .text.HAL_TIM_Base_MspInit
                0x080006ca       0x14 cmake/stm32cubemx/CMakeFiles/STM32_Drivers.dir/__/__/Drivers/STM32L4xx_HAL_Driver/Src/stm32l4xx_hal_tim.c.obj
                0x080006ca                HAL_TIM_Base_MspInit
 *fill*         0x080006de        0x2 
 .text.HAL_TIM_Base_Start_IT
                0x080006e0       0xe0 cmake/stm32cubemx/CMakeFiles/STM32_Drivers.dir/__/__/Drivers/STM32L4xx_HAL_Driver/Src/stm32l4xx_hal_tim.c.obj
                0x080006e0                HAL_TIM_Base_Start_IT
 .text.HAL_TIM_IRQHandler
                0x080007c0      0x20e cmake/stm32cubemx/CMakeFiles/STM32_Drivers.dir/__/__/Drivers/STM32L4xx_HAL_Driver/Src/stm32l4xx_hal_tim.c.obj
                0x080007c0                HAL_TIM_IRQHandler
 .text.HAL_TIM_OC_DelayElapsedCallback
                0x080009ce       0x14 cmake/stm32cubemx/CMakeFiles/STM32_Drivers.dir/__/__/Drivers/STM32L4xx_HAL_Driver/Src/stm32l4xx_hal_tim.c.obj
                0x080009ce                HAL_TIM_OC_DelayElapsedCallback
 .text.HAL_TIM_IC_CaptureCallback
                0x080009e2       0x14 cmake/stm32cubemx/CMakeFiles/STM32_Drivers.dir/__/__/Drivers/STM32L4xx_HAL_Driver/Src/stm32l4xx_hal_tim.c.obj
                0x080009e2                HAL_TIM_IC_CaptureCallback
 .text.HAL_TIM_PWM_PulseFinishedCallback
                0x080009f6       0x14 cmake/stm32cubemx/CMakeFiles/STM32_Drivers.dir/__/__/Drivers/STM32L4xx_HAL_Driver/Src/stm32l4xx_hal_tim.c.obj
                0x080009f6                HAL_TIM_PWM_PulseFinishedCallback
 .text.HAL_TIM_TriggerCallback
                0x08000a0a       0x14 cmake/stm32cubemx/CMakeFiles/STM32_Drivers.dir/__/__/Drivers/STM32L4xx_HAL_Driver/Src/stm32l4xx_hal_tim.c.obj
                0x08000a0a                HAL_TIM_TriggerCallback
 *fill*         0x08000a1e        0x2 
 .text.TIM_Base_SetConfig
                0x08000a20      0x14c cmake/stm32cubemx/CMakeFiles/STM32_Drivers.dir/__/__/Drivers/STM32L4xx_HAL_Driver/Src/stm32l4xx_hal_tim.c.obj
                0x08000a20                TIM_Base_SetConfig
 .text.HAL_TIMEx_CommutCallback
                0x08000b6c       0x14 cmake/stm32cubemx/CMakeFiles/STM32_Drivers.dir/__/__/Drivers/STM32L4xx_HAL_Driver/Src/stm32l4xx_hal_tim_ex.c.obj
                0x08000b6c                HAL_TIMEx_CommutCallback
 .text.HAL_TIMEx_BreakCallback
                0x08000b80       0x14 cmake/stm32cubemx/CMakeFiles/STM32_Drivers.dir/__/__/Drivers/STM32L4xx_HAL_Driver/Src/stm32l4xx_hal_tim_ex.c.obj
                0x08000b80                HAL_TIMEx_BreakCallback
 .text.HAL_TIMEx_Break2Callback
                0x08000b94       0x14 cmake/stm32cubemx/CMakeFiles/STM32_Drivers.dir/__/__/Drivers/STM32L4xx_HAL_Driver/Src/stm32l4xx_hal_tim_ex.c.obj
                0x08000b94                HAL_TIMEx_Break2Callback
 .text.HAL_Init
                0x08000ba8       0x30 cmake/stm32cubemx/CMakeFiles/STM32_Drivers.dir/__/__/Drivers/STM32L4xx_HAL_Driver/Src/stm32l4xx_hal.c.obj
                0x08000ba8                HAL_Init
 .text.HAL_IncTick
                0x08000bd8       0x28 cmake/stm32cubemx/CMakeFiles/STM32_Drivers.dir/__/__/Drivers/STM32L4xx_HAL_Driver/Src/stm32l4xx_hal.c.obj
                0x08000bd8                HAL_IncTick
 .text.HAL_GetTick
                0x08000c00       0x18 cmake/stm32cubemx/CMakeFiles/STM32_Drivers.dir/__/__/Drivers/STM32L4xx_HAL_Driver/Src/stm32l4xx_hal.c.obj
                0x08000c00                HAL_GetTick
 .text.HAL_Delay
                0x08000c18       0x48 cmake/stm32cubemx/CMakeFiles/STM32_Drivers.dir/__/__/Drivers/STM32L4xx_HAL_Driver/Src/stm32l4xx_hal.c.obj
                0x08000c18                HAL_Delay
 .text.HAL_RCC_OscConfig
                0x08000c60      0x7b8 cmake/stm32cubemx/CMakeFiles/STM32_Drivers.dir/__/__/Drivers/STM32L4xx_HAL_Driver/Src/stm32l4xx_hal_rcc.c.obj
                0x08000c60                HAL_RCC_OscConfig
 .text.HAL_RCC_ClockConfig
                0x08001418      0x200 cmake/stm32cubemx/CMakeFiles/STM32_Drivers.dir/__/__/Drivers/STM32L4xx_HAL_Driver/Src/stm32l4xx_hal_rcc.c.obj
                0x08001418                HAL_RCC_ClockConfig
 .text.HAL_RCC_GetSysClockFreq
                0x08001618      0x118 cmake/stm32cubemx/CMakeFiles/STM32_Drivers.dir/__/__/Drivers/STM32L4xx_HAL_Driver/Src/stm32l4xx_hal_rcc.c.obj
                0x08001618                HAL_RCC_GetSysClockFreq
 .text.HAL_RCC_GetHCLKFreq
                0x08001730       0x18 cmake/stm32cubemx/CMakeFiles/STM32_Drivers.dir/__/__/Drivers/STM32L4xx_HAL_Driver/Src/stm32l4xx_hal_rcc.c.obj
                0x08001730                HAL_RCC_GetHCLKFreq
 .text.HAL_RCC_GetPCLK1Freq
                0x08001748       0x2c cmake/stm32cubemx/CMakeFiles/STM32_Drivers.dir/__/__/Drivers/STM32L4xx_HAL_Driver/Src/stm32l4xx_hal_rcc.c.obj
                0x08001748                HAL_RCC_GetPCLK1Freq
 .text.HAL_RCC_GetPCLK2Freq
                0x08001774       0x2c cmake/stm32cubemx/CMakeFiles/STM32_Drivers.dir/__/__/Drivers/STM32L4xx_HAL_Driver/Src/stm32l4xx_hal_rcc.c.obj
                0x08001774                HAL_RCC_GetPCLK2Freq
 .text.HAL_RCC_GetClockConfig
                0x080017a0       0x64 cmake/stm32cubemx/CMakeFiles/STM32_Drivers.dir/__/__/Drivers/STM32L4xx_HAL_Driver/Src/stm32l4xx_hal_rcc.c.obj
                0x080017a0                HAL_RCC_GetClockConfig
 .text.RCC_SetFlashLatencyFromMSIRange
                0x08001804       0xc0 cmake/stm32cubemx/CMakeFiles/STM32_Drivers.dir/__/__/Drivers/STM32L4xx_HAL_Driver/Src/stm32l4xx_hal_rcc.c.obj
 .text.HAL_RCCEx_PeriphCLKConfig
                0x080018c4      0x5d4 cmake/stm32cubemx/CMakeFiles/STM32_Drivers.dir/__/__/Drivers/STM32L4xx_HAL_Driver/Src/stm32l4xx_hal_rcc_ex.c.obj
                0x080018c4                HAL_RCCEx_PeriphCLKConfig
 .text.HAL_RCCEx_GetPeriphCLKFreq
                0x08001e98      0xadc cmake/stm32cubemx/CMakeFiles/STM32_Drivers.dir/__/__/Drivers/STM32L4xx_HAL_Driver/Src/stm32l4xx_hal_rcc_ex.c.obj
                0x08001e98                HAL_RCCEx_GetPeriphCLKFreq
 .text.RCCEx_PLLSAI1_Config
                0x08002974      0x1e8 cmake/stm32cubemx/CMakeFiles/STM32_Drivers.dir/__/__/Drivers/STM32L4xx_HAL_Driver/Src/stm32l4xx_hal_rcc_ex.c.obj
 .text.RCCEx_PLLSAI2_Config
                0x08002b5c      0x1bc cmake/stm32cubemx/CMakeFiles/STM32_Drivers.dir/__/__/Drivers/STM32L4xx_HAL_Driver/Src/stm32l4xx_hal_rcc_ex.c.obj
 .text.RCCEx_GetSAIxPeriphCLKFreq
                0x08002d18      0x1e0 cmake/stm32cubemx/CMakeFiles/STM32_Drivers.dir/__/__/Drivers/STM32L4xx_HAL_Driver/Src/stm32l4xx_hal_rcc_ex.c.obj
 .text.HAL_GPIO_Init
                0x08002ef8      0x354 cmake/stm32cubemx/CMakeFiles/STM32_Drivers.dir/__/__/Drivers/STM32L4xx_HAL_Driver/Src/stm32l4xx_hal_gpio.c.obj
                0x08002ef8                HAL_GPIO_Init
 .text.HAL_GPIO_ReadPin
                0x0800324c       0x30 cmake/stm32cubemx/CMakeFiles/STM32_Drivers.dir/__/__/Drivers/STM32L4xx_HAL_Driver/Src/stm32l4xx_hal_gpio.c.obj
                0x0800324c                HAL_GPIO_ReadPin
 .text.HAL_GPIO_WritePin
                0x0800327c       0x30 cmake/stm32cubemx/CMakeFiles/STM32_Drivers.dir/__/__/Drivers/STM32L4xx_HAL_Driver/Src/stm32l4xx_hal_gpio.c.obj
                0x0800327c                HAL_GPIO_WritePin
 .text.HAL_DMA_Init
                0x080032ac      0x170 cmake/stm32cubemx/CMakeFiles/STM32_Drivers.dir/__/__/Drivers/STM32L4xx_HAL_Driver/Src/stm32l4xx_hal_dma.c.obj
                0x080032ac                HAL_DMA_Init
 .text.HAL_DMA_DeInit
                0x0800341c      0x124 cmake/stm32cubemx/CMakeFiles/STM32_Drivers.dir/__/__/Drivers/STM32L4xx_HAL_Driver/Src/stm32l4xx_hal_dma.c.obj
                0x0800341c                HAL_DMA_DeInit
 .text.HAL_DMA_Start_IT
                0x08003540       0xc0 cmake/stm32cubemx/CMakeFiles/STM32_Drivers.dir/__/__/Drivers/STM32L4xx_HAL_Driver/Src/stm32l4xx_hal_dma.c.obj
                0x08003540                HAL_DMA_Start_IT
 .text.HAL_DMA_Abort
                0x08003600       0x7c cmake/stm32cubemx/CMakeFiles/STM32_Drivers.dir/__/__/Drivers/STM32L4xx_HAL_Driver/Src/stm32l4xx_hal_dma.c.obj
                0x08003600                HAL_DMA_Abort
 .text.HAL_DMA_Abort_IT
                0x0800367c       0x82 cmake/stm32cubemx/CMakeFiles/STM32_Drivers.dir/__/__/Drivers/STM32L4xx_HAL_Driver/Src/stm32l4xx_hal_dma.c.obj
                0x0800367c                HAL_DMA_Abort_IT
 .text.HAL_DMA_IRQHandler
                0x080036fe      0x15e cmake/stm32cubemx/CMakeFiles/STM32_Drivers.dir/__/__/Drivers/STM32L4xx_HAL_Driver/Src/stm32l4xx_hal_dma.c.obj
                0x080036fe                HAL_DMA_IRQHandler
 .text.DMA_SetConfig
                0x0800385c       0x60 cmake/stm32cubemx/CMakeFiles/STM32_Drivers.dir/__/__/Drivers/STM32L4xx_HAL_Driver/Src/stm32l4xx_hal_dma.c.obj
 .text.HAL_PWREx_GetVoltageRange
                0x080038bc       0x1c cmake/stm32cubemx/CMakeFiles/STM32_Drivers.dir/__/__/Drivers/STM32L4xx_HAL_Driver/Src/stm32l4xx_hal_pwr_ex.c.obj
                0x080038bc                HAL_PWREx_GetVoltageRange
 .text.HAL_PWREx_ControlVoltageScaling
                0x080038d8       0xac cmake/stm32cubemx/CMakeFiles/STM32_Drivers.dir/__/__/Drivers/STM32L4xx_HAL_Driver/Src/stm32l4xx_hal_pwr_ex.c.obj
                0x080038d8                HAL_PWREx_ControlVoltageScaling
 .text.__NVIC_SetPriorityGrouping
                0x08003984       0x48 cmake/stm32cubemx/CMakeFiles/STM32_Drivers.dir/__/__/Drivers/STM32L4xx_HAL_Driver/Src/stm32l4xx_hal_cortex.c.obj
 .text.__NVIC_GetPriorityGrouping
                0x080039cc       0x1c cmake/stm32cubemx/CMakeFiles/STM32_Drivers.dir/__/__/Drivers/STM32L4xx_HAL_Driver/Src/stm32l4xx_hal_cortex.c.obj
 .text.__NVIC_EnableIRQ
                0x080039e8       0x3c cmake/stm32cubemx/CMakeFiles/STM32_Drivers.dir/__/__/Drivers/STM32L4xx_HAL_Driver/Src/stm32l4xx_hal_cortex.c.obj
 .text.__NVIC_SetPriority
                0x08003a24       0x54 cmake/stm32cubemx/CMakeFiles/STM32_Drivers.dir/__/__/Drivers/STM32L4xx_HAL_Driver/Src/stm32l4xx_hal_cortex.c.obj
 .text.NVIC_EncodePriority
                0x08003a78       0x66 cmake/stm32cubemx/CMakeFiles/STM32_Drivers.dir/__/__/Drivers/STM32L4xx_HAL_Driver/Src/stm32l4xx_hal_cortex.c.obj
 .text.HAL_NVIC_SetPriorityGrouping
                0x08003ade       0x16 cmake/stm32cubemx/CMakeFiles/STM32_Drivers.dir/__/__/Drivers/STM32L4xx_HAL_Driver/Src/stm32l4xx_hal_cortex.c.obj
                0x08003ade                HAL_NVIC_SetPriorityGrouping
 .text.HAL_NVIC_SetPriority
                0x08003af4       0x38 cmake/stm32cubemx/CMakeFiles/STM32_Drivers.dir/__/__/Drivers/STM32L4xx_HAL_Driver/Src/stm32l4xx_hal_cortex.c.obj
                0x08003af4                HAL_NVIC_SetPriority
 .text.HAL_NVIC_EnableIRQ
                0x08003b2c       0x1c cmake/stm32cubemx/CMakeFiles/STM32_Drivers.dir/__/__/Drivers/STM32L4xx_HAL_Driver/Src/stm32l4xx_hal_cortex.c.obj
                0x08003b2c                HAL_NVIC_EnableIRQ
 .text.SDMMC_Init
                0x08003b48       0x5a cmake/stm32cubemx/CMakeFiles/STM32_Drivers.dir/__/__/Drivers/STM32L4xx_HAL_Driver/Src/stm32l4xx_ll_sdmmc.c.obj
                0x08003b48                SDMMC_Init
 .text.SDMMC_ReadFIFO
                0x08003ba2       0x1a cmake/stm32cubemx/CMakeFiles/STM32_Drivers.dir/__/__/Drivers/STM32L4xx_HAL_Driver/Src/stm32l4xx_ll_sdmmc.c.obj
                0x08003ba2                SDMMC_ReadFIFO
 .text.SDMMC_WriteFIFO
                0x08003bbc       0x22 cmake/stm32cubemx/CMakeFiles/STM32_Drivers.dir/__/__/Drivers/STM32L4xx_HAL_Driver/Src/stm32l4xx_ll_sdmmc.c.obj
                0x08003bbc                SDMMC_WriteFIFO
 .text.SDMMC_PowerState_ON
                0x08003bde       0x1e cmake/stm32cubemx/CMakeFiles/STM32_Drivers.dir/__/__/Drivers/STM32L4xx_HAL_Driver/Src/stm32l4xx_ll_sdmmc.c.obj
                0x08003bde                SDMMC_PowerState_ON
 .text.SDMMC_GetPowerState
                0x08003bfc       0x1c cmake/stm32cubemx/CMakeFiles/STM32_Drivers.dir/__/__/Drivers/STM32L4xx_HAL_Driver/Src/stm32l4xx_ll_sdmmc.c.obj
                0x08003bfc                SDMMC_GetPowerState
 .text.SDMMC_SendCommand
                0x08003c18       0x54 cmake/stm32cubemx/CMakeFiles/STM32_Drivers.dir/__/__/Drivers/STM32L4xx_HAL_Driver/Src/stm32l4xx_ll_sdmmc.c.obj
                0x08003c18                SDMMC_SendCommand
 .text.SDMMC_GetCommandResponse
                0x08003c6c       0x1a cmake/stm32cubemx/CMakeFiles/STM32_Drivers.dir/__/__/Drivers/STM32L4xx_HAL_Driver/Src/stm32l4xx_ll_sdmmc.c.obj
                0x08003c6c                SDMMC_GetCommandResponse
 .text.SDMMC_GetResponse
                0x08003c86       0x26 cmake/stm32cubemx/CMakeFiles/STM32_Drivers.dir/__/__/Drivers/STM32L4xx_HAL_Driver/Src/stm32l4xx_ll_sdmmc.c.obj
                0x08003c86                SDMMC_GetResponse
 .text.SDMMC_ConfigData
                0x08003cac       0x58 cmake/stm32cubemx/CMakeFiles/STM32_Drivers.dir/__/__/Drivers/STM32L4xx_HAL_Driver/Src/stm32l4xx_ll_sdmmc.c.obj
                0x08003cac                SDMMC_ConfigData
 .text.SDMMC_CmdBlockLength
                0x08003d04       0x44 cmake/stm32cubemx/CMakeFiles/STM32_Drivers.dir/__/__/Drivers/STM32L4xx_HAL_Driver/Src/stm32l4xx_ll_sdmmc.c.obj
                0x08003d04                SDMMC_CmdBlockLength
 .text.SDMMC_CmdReadSingleBlock
                0x08003d48       0x44 cmake/stm32cubemx/CMakeFiles/STM32_Drivers.dir/__/__/Drivers/STM32L4xx_HAL_Driver/Src/stm32l4xx_ll_sdmmc.c.obj
                0x08003d48                SDMMC_CmdReadSingleBlock
 .text.SDMMC_CmdReadMultiBlock
                0x08003d8c       0x44 cmake/stm32cubemx/CMakeFiles/STM32_Drivers.dir/__/__/Drivers/STM32L4xx_HAL_Driver/Src/stm32l4xx_ll_sdmmc.c.obj
                0x08003d8c                SDMMC_CmdReadMultiBlock
 .text.SDMMC_CmdWriteSingleBlock
                0x08003dd0       0x44 cmake/stm32cubemx/CMakeFiles/STM32_Drivers.dir/__/__/Drivers/STM32L4xx_HAL_Driver/Src/stm32l4xx_ll_sdmmc.c.obj
                0x08003dd0                SDMMC_CmdWriteSingleBlock
 .text.SDMMC_CmdWriteMultiBlock
                0x08003e14       0x44 cmake/stm32cubemx/CMakeFiles/STM32_Drivers.dir/__/__/Drivers/STM32L4xx_HAL_Driver/Src/stm32l4xx_ll_sdmmc.c.obj
                0x08003e14                SDMMC_CmdWriteMultiBlock
 .text.SDMMC_CmdStopTransfer
                0x08003e58       0x44 cmake/stm32cubemx/CMakeFiles/STM32_Drivers.dir/__/__/Drivers/STM32L4xx_HAL_Driver/Src/stm32l4xx_ll_sdmmc.c.obj
                0x08003e58                SDMMC_CmdStopTransfer
 .text.SDMMC_CmdSelDesel
                0x08003e9c       0x46 cmake/stm32cubemx/CMakeFiles/STM32_Drivers.dir/__/__/Drivers/STM32L4xx_HAL_Driver/Src/stm32l4xx_ll_sdmmc.c.obj
                0x08003e9c                SDMMC_CmdSelDesel
 .text.SDMMC_CmdGoIdleState
                0x08003ee2       0x3c cmake/stm32cubemx/CMakeFiles/STM32_Drivers.dir/__/__/Drivers/STM32L4xx_HAL_Driver/Src/stm32l4xx_ll_sdmmc.c.obj
                0x08003ee2                SDMMC_CmdGoIdleState
 .text.SDMMC_CmdOperCond
                0x08003f1e       0x3e cmake/stm32cubemx/CMakeFiles/STM32_Drivers.dir/__/__/Drivers/STM32L4xx_HAL_Driver/Src/stm32l4xx_ll_sdmmc.c.obj
                0x08003f1e                SDMMC_CmdOperCond
 .text.SDMMC_CmdAppCommand
                0x08003f5c       0x44 cmake/stm32cubemx/CMakeFiles/STM32_Drivers.dir/__/__/Drivers/STM32L4xx_HAL_Driver/Src/stm32l4xx_ll_sdmmc.c.obj
                0x08003f5c                SDMMC_CmdAppCommand
 .text.SDMMC_CmdAppOperCommand
                0x08003fa0       0x46 cmake/stm32cubemx/CMakeFiles/STM32_Drivers.dir/__/__/Drivers/STM32L4xx_HAL_Driver/Src/stm32l4xx_ll_sdmmc.c.obj
                0x08003fa0                SDMMC_CmdAppOperCommand
 .text.SDMMC_CmdBusWidth
                0x08003fe6       0x44 cmake/stm32cubemx/CMakeFiles/STM32_Drivers.dir/__/__/Drivers/STM32L4xx_HAL_Driver/Src/stm32l4xx_ll_sdmmc.c.obj
                0x08003fe6                SDMMC_CmdBusWidth
 .text.SDMMC_CmdSendSCR
                0x0800402a       0x42 cmake/stm32cubemx/CMakeFiles/STM32_Drivers.dir/__/__/Drivers/STM32L4xx_HAL_Driver/Src/stm32l4xx_ll_sdmmc.c.obj
                0x0800402a                SDMMC_CmdSendSCR
 .text.SDMMC_CmdSendCID
                0x0800406c       0x3c cmake/stm32cubemx/CMakeFiles/STM32_Drivers.dir/__/__/Drivers/STM32L4xx_HAL_Driver/Src/stm32l4xx_ll_sdmmc.c.obj
                0x0800406c                SDMMC_CmdSendCID
 .text.SDMMC_CmdSendCSD
                0x080040a8       0x3e cmake/stm32cubemx/CMakeFiles/STM32_Drivers.dir/__/__/Drivers/STM32L4xx_HAL_Driver/Src/stm32l4xx_ll_sdmmc.c.obj
                0x080040a8                SDMMC_CmdSendCSD
 .text.SDMMC_CmdSetRelAdd
                0x080040e6       0x42 cmake/stm32cubemx/CMakeFiles/STM32_Drivers.dir/__/__/Drivers/STM32L4xx_HAL_Driver/Src/stm32l4xx_ll_sdmmc.c.obj
                0x080040e6                SDMMC_CmdSetRelAdd
 .text.SDMMC_CmdSendStatus
                0x08004128       0x44 cmake/stm32cubemx/CMakeFiles/STM32_Drivers.dir/__/__/Drivers/STM32L4xx_HAL_Driver/Src/stm32l4xx_ll_sdmmc.c.obj
                0x08004128                SDMMC_CmdSendStatus
 .text.SDMMC_GetCmdResp1
                0x0800416c      0x1dc cmake/stm32cubemx/CMakeFiles/STM32_Drivers.dir/__/__/Drivers/STM32L4xx_HAL_Driver/Src/stm32l4xx_ll_sdmmc.c.obj
                0x0800416c                SDMMC_GetCmdResp1
 .text.SDMMC_GetCmdResp2
                0x08004348       0x90 cmake/stm32cubemx/CMakeFiles/STM32_Drivers.dir/__/__/Drivers/STM32L4xx_HAL_Driver/Src/stm32l4xx_ll_sdmmc.c.obj
                0x08004348                SDMMC_GetCmdResp2
 .text.SDMMC_GetCmdResp3
                0x080043d8       0x7c cmake/stm32cubemx/CMakeFiles/STM32_Drivers.dir/__/__/Drivers/STM32L4xx_HAL_Driver/Src/stm32l4xx_ll_sdmmc.c.obj
                0x080043d8                SDMMC_GetCmdResp3
 .text.SDMMC_GetCmdResp6
                0x08004454       0xec cmake/stm32cubemx/CMakeFiles/STM32_Drivers.dir/__/__/Drivers/STM32L4xx_HAL_Driver/Src/stm32l4xx_ll_sdmmc.c.obj
                0x08004454                SDMMC_GetCmdResp6
 .text.SDMMC_GetCmdResp7
                0x08004540       0x9c cmake/stm32cubemx/CMakeFiles/STM32_Drivers.dir/__/__/Drivers/STM32L4xx_HAL_Driver/Src/stm32l4xx_ll_sdmmc.c.obj
                0x08004540                SDMMC_GetCmdResp7
 .text.SDMMC_GetCmdError
                0x080045dc       0x58 cmake/stm32cubemx/CMakeFiles/STM32_Drivers.dir/__/__/Drivers/STM32L4xx_HAL_Driver/Src/stm32l4xx_ll_sdmmc.c.obj
 .text.HAL_SD_Init
                0x08004634       0x76 cmake/stm32cubemx/CMakeFiles/STM32_Drivers.dir/__/__/Drivers/STM32L4xx_HAL_Driver/Src/stm32l4xx_hal_sd.c.obj
                0x08004634                HAL_SD_Init
 *fill*         0x080046aa        0x2 
 .text.HAL_SD_InitCard
                0x080046ac      0x14c cmake/stm32cubemx/CMakeFiles/STM32_Drivers.dir/__/__/Drivers/STM32L4xx_HAL_Driver/Src/stm32l4xx_hal_sd.c.obj
                0x080046ac                HAL_SD_InitCard
 .text.HAL_SD_ReadBlocks_DMA
                0x080047f8      0x190 cmake/stm32cubemx/CMakeFiles/STM32_Drivers.dir/__/__/Drivers/STM32L4xx_HAL_Driver/Src/stm32l4xx_hal_sd.c.obj
                0x080047f8                HAL_SD_ReadBlocks_DMA
 .text.HAL_SD_WriteBlocks_DMA
                0x08004988      0x198 cmake/stm32cubemx/CMakeFiles/STM32_Drivers.dir/__/__/Drivers/STM32L4xx_HAL_Driver/Src/stm32l4xx_hal_sd.c.obj
                0x08004988                HAL_SD_WriteBlocks_DMA
 .text.HAL_SD_IRQHandler
                0x08004b20      0x2ec cmake/stm32cubemx/CMakeFiles/STM32_Drivers.dir/__/__/Drivers/STM32L4xx_HAL_Driver/Src/stm32l4xx_hal_sd.c.obj
                0x08004b20                HAL_SD_IRQHandler
 .text.HAL_SD_ErrorCallback
                0x08004e0c       0x14 cmake/stm32cubemx/CMakeFiles/STM32_Drivers.dir/__/__/Drivers/STM32L4xx_HAL_Driver/Src/stm32l4xx_hal_sd.c.obj
                0x08004e0c                HAL_SD_ErrorCallback
 .text.HAL_SD_GetCardCSD
                0x08004e20      0x348 cmake/stm32cubemx/CMakeFiles/STM32_Drivers.dir/__/__/Drivers/STM32L4xx_HAL_Driver/Src/stm32l4xx_hal_sd.c.obj
                0x08004e20                HAL_SD_GetCardCSD
 .text.HAL_SD_GetCardInfo
                0x08005168       0x58 cmake/stm32cubemx/CMakeFiles/STM32_Drivers.dir/__/__/Drivers/STM32L4xx_HAL_Driver/Src/stm32l4xx_hal_sd.c.obj
                0x08005168                HAL_SD_GetCardInfo
 .text.HAL_SD_ConfigWideBusOperation
                0x080051c0      0x178 cmake/stm32cubemx/CMakeFiles/STM32_Drivers.dir/__/__/Drivers/STM32L4xx_HAL_Driver/Src/stm32l4xx_hal_sd.c.obj
                0x080051c0                HAL_SD_ConfigWideBusOperation
 .text.HAL_SD_GetCardState
                0x08005338       0x40 cmake/stm32cubemx/CMakeFiles/STM32_Drivers.dir/__/__/Drivers/STM32L4xx_HAL_Driver/Src/stm32l4xx_hal_sd.c.obj
                0x08005338                HAL_SD_GetCardState
 .text.SD_DMATransmitCplt
                0x08005378       0x2a cmake/stm32cubemx/CMakeFiles/STM32_Drivers.dir/__/__/Drivers/STM32L4xx_HAL_Driver/Src/stm32l4xx_hal_sd.c.obj
 .text.SD_DMAReceiveCplt
                0x080053a2       0x70 cmake/stm32cubemx/CMakeFiles/STM32_Drivers.dir/__/__/Drivers/STM32L4xx_HAL_Driver/Src/stm32l4xx_hal_sd.c.obj
 *fill*         0x08005412        0x2 
 .text.SD_DMAError
                0x08005414       0x98 cmake/stm32cubemx/CMakeFiles/STM32_Drivers.dir/__/__/Drivers/STM32L4xx_HAL_Driver/Src/stm32l4xx_hal_sd.c.obj
 .text.SD_DMATxAbort
                0x080054ac       0x6e cmake/stm32cubemx/CMakeFiles/STM32_Drivers.dir/__/__/Drivers/STM32L4xx_HAL_Driver/Src/stm32l4xx_hal_sd.c.obj
 .text.SD_DMARxAbort
                0x0800551a       0x6e cmake/stm32cubemx/CMakeFiles/STM32_Drivers.dir/__/__/Drivers/STM32L4xx_HAL_Driver/Src/stm32l4xx_hal_sd.c.obj
 .text.SD_InitCard
                0x08005588      0x180 cmake/stm32cubemx/CMakeFiles/STM32_Drivers.dir/__/__/Drivers/STM32L4xx_HAL_Driver/Src/stm32l4xx_hal_sd.c.obj
 .text.SD_PowerON
                0x08005708      0x11c cmake/stm32cubemx/CMakeFiles/STM32_Drivers.dir/__/__/Drivers/STM32L4xx_HAL_Driver/Src/stm32l4xx_hal_sd.c.obj
 .text.SD_SendStatus
                0x08005824       0x50 cmake/stm32cubemx/CMakeFiles/STM32_Drivers.dir/__/__/Drivers/STM32L4xx_HAL_Driver/Src/stm32l4xx_hal_sd.c.obj
 .text.SD_WideBus_Enable
                0x08005874       0x96 cmake/stm32cubemx/CMakeFiles/STM32_Drivers.dir/__/__/Drivers/STM32L4xx_HAL_Driver/Src/stm32l4xx_hal_sd.c.obj
 .text.SD_WideBus_Disable
                0x0800590a       0x96 cmake/stm32cubemx/CMakeFiles/STM32_Drivers.dir/__/__/Drivers/STM32L4xx_HAL_Driver/Src/stm32l4xx_hal_sd.c.obj
 .text.SD_FindSCR
                0x080059a0      0x194 cmake/stm32cubemx/CMakeFiles/STM32_Drivers.dir/__/__/Drivers/STM32L4xx_HAL_Driver/Src/stm32l4xx_hal_sd.c.obj
 .text.SD_Read_IT
                0x08005b34       0xa2 cmake/stm32cubemx/CMakeFiles/STM32_Drivers.dir/__/__/Drivers/STM32L4xx_HAL_Driver/Src/stm32l4xx_hal_sd.c.obj
 .text.SD_Write_IT
                0x08005bd6       0xaa cmake/stm32cubemx/CMakeFiles/STM32_Drivers.dir/__/__/Drivers/STM32L4xx_HAL_Driver/Src/stm32l4xx_hal_sd.c.obj
 .text.vListInitialise
                0x08005c80       0x40 cmake/stm32cubemx/CMakeFiles/FreeRTOS.dir/__/__/Middlewares/Third_Party/FreeRTOS/Source/list.c.obj
                0x08005c80                vListInitialise
 .text.vListInitialiseItem
                0x08005cc0       0x1a cmake/stm32cubemx/CMakeFiles/FreeRTOS.dir/__/__/Middlewares/Third_Party/FreeRTOS/Source/list.c.obj
                0x08005cc0                vListInitialiseItem
 .text.vListInsertEnd
                0x08005cda       0x48 cmake/stm32cubemx/CMakeFiles/FreeRTOS.dir/__/__/Middlewares/Third_Party/FreeRTOS/Source/list.c.obj
                0x08005cda                vListInsertEnd
 .text.vListInsert
                0x08005d22       0x72 cmake/stm32cubemx/CMakeFiles/FreeRTOS.dir/__/__/Middlewares/Third_Party/FreeRTOS/Source/list.c.obj
                0x08005d22                vListInsert
 .text.uxListRemove
                0x08005d94       0x54 cmake/stm32cubemx/CMakeFiles/FreeRTOS.dir/__/__/Middlewares/Third_Party/FreeRTOS/Source/list.c.obj
                0x08005d94                uxListRemove
 .text.xQueueGenericReset
                0x08005de8       0xd4 cmake/stm32cubemx/CMakeFiles/FreeRTOS.dir/__/__/Middlewares/Third_Party/FreeRTOS/Source/queue.c.obj
                0x08005de8                xQueueGenericReset
 .text.xQueueGenericCreateStatic
                0x08005ebc       0xfa cmake/stm32cubemx/CMakeFiles/FreeRTOS.dir/__/__/Middlewares/Third_Party/FreeRTOS/Source/queue.c.obj
                0x08005ebc                xQueueGenericCreateStatic
 .text.xQueueGenericCreate
                0x08005fb6       0x76 cmake/stm32cubemx/CMakeFiles/FreeRTOS.dir/__/__/Middlewares/Third_Party/FreeRTOS/Source/queue.c.obj
                0x08005fb6                xQueueGenericCreate
 .text.prvInitialiseNewQueue
                0x0800602c       0x3e cmake/stm32cubemx/CMakeFiles/FreeRTOS.dir/__/__/Middlewares/Third_Party/FreeRTOS/Source/queue.c.obj
 *fill*         0x0800606a        0x2 
 .text.xQueueGenericSend
                0x0800606c      0x204 cmake/stm32cubemx/CMakeFiles/FreeRTOS.dir/__/__/Middlewares/Third_Party/FreeRTOS/Source/queue.c.obj
                0x0800606c                xQueueGenericSend
 .text.xQueueGenericSendFromISR
                0x08006270      0x13c cmake/stm32cubemx/CMakeFiles/FreeRTOS.dir/__/__/Middlewares/Third_Party/FreeRTOS/Source/queue.c.obj
                0x08006270                xQueueGenericSendFromISR
 .text.xQueueGiveFromISR
                0x080063ac      0x120 cmake/stm32cubemx/CMakeFiles/FreeRTOS.dir/__/__/Middlewares/Third_Party/FreeRTOS/Source/queue.c.obj
                0x080063ac                xQueueGiveFromISR
 .text.xQueueReceive
                0x080064cc      0x1c4 cmake/stm32cubemx/CMakeFiles/FreeRTOS.dir/__/__/Middlewares/Third_Party/FreeRTOS/Source/queue.c.obj
                0x080064cc                xQueueReceive
 .text.xQueueSemaphoreTake
                0x08006690      0x220 cmake/stm32cubemx/CMakeFiles/FreeRTOS.dir/__/__/Middlewares/Third_Party/FreeRTOS/Source/queue.c.obj
                0x08006690                xQueueSemaphoreTake
 .text.xQueueReceiveFromISR
                0x080068b0      0x104 cmake/stm32cubemx/CMakeFiles/FreeRTOS.dir/__/__/Middlewares/Third_Party/FreeRTOS/Source/queue.c.obj
                0x080068b0                xQueueReceiveFromISR
 .text.vQueueDelete
                0x080069b4       0x48 cmake/stm32cubemx/CMakeFiles/FreeRTOS.dir/__/__/Middlewares/Third_Party/FreeRTOS/Source/queue.c.obj
                0x080069b4                vQueueDelete
 .text.prvGetDisinheritPriorityAfterTimeout
                0x080069fc       0x30 cmake/stm32cubemx/CMakeFiles/FreeRTOS.dir/__/__/Middlewares/Third_Party/FreeRTOS/Source/queue.c.obj
 .text.prvCopyDataToQueue
                0x08006a2c       0xd4 cmake/stm32cubemx/CMakeFiles/FreeRTOS.dir/__/__/Middlewares/Third_Party/FreeRTOS/Source/queue.c.obj
 .text.prvCopyDataFromQueue
                0x08006b00       0x4c cmake/stm32cubemx/CMakeFiles/FreeRTOS.dir/__/__/Middlewares/Third_Party/FreeRTOS/Source/queue.c.obj
 .text.prvUnlockQueue
                0x08006b4c       0xa4 cmake/stm32cubemx/CMakeFiles/FreeRTOS.dir/__/__/Middlewares/Third_Party/FreeRTOS/Source/queue.c.obj
 .text.prvIsQueueEmpty
                0x08006bf0       0x2c cmake/stm32cubemx/CMakeFiles/FreeRTOS.dir/__/__/Middlewares/Third_Party/FreeRTOS/Source/queue.c.obj
 .text.prvIsQueueFull
                0x08006c1c       0x30 cmake/stm32cubemx/CMakeFiles/FreeRTOS.dir/__/__/Middlewares/Third_Party/FreeRTOS/Source/queue.c.obj
 .text.vQueueUnregisterQueue
                0x08006c4c       0x54 cmake/stm32cubemx/CMakeFiles/FreeRTOS.dir/__/__/Middlewares/Third_Party/FreeRTOS/Source/queue.c.obj
                0x08006c4c                vQueueUnregisterQueue
 .text.xTaskCreateStatic
                0x08006ca0       0xc4 cmake/stm32cubemx/CMakeFiles/FreeRTOS.dir/__/__/Middlewares/Third_Party/FreeRTOS/Source/tasks.c.obj
                0x08006ca0                xTaskCreateStatic
 .text.xTaskCreate
                0x08006d64       0x8c cmake/stm32cubemx/CMakeFiles/FreeRTOS.dir/__/__/Middlewares/Third_Party/FreeRTOS/Source/tasks.c.obj
                0x08006d64                xTaskCreate
 .text.prvInitialiseNewTask
                0x08006df0      0x190 cmake/stm32cubemx/CMakeFiles/FreeRTOS.dir/__/__/Middlewares/Third_Party/FreeRTOS/Source/tasks.c.obj
 .text.prvAddNewTaskToReadyList
                0x08006f80       0xd4 cmake/stm32cubemx/CMakeFiles/FreeRTOS.dir/__/__/Middlewares/Third_Party/FreeRTOS/Source/tasks.c.obj
 .text.vTaskDelay
                0x08007054       0x6c cmake/stm32cubemx/CMakeFiles/FreeRTOS.dir/__/__/Middlewares/Third_Party/FreeRTOS/Source/tasks.c.obj
                0x08007054                vTaskDelay
 .text.vTaskStartScheduler
                0x080070c0       0xd4 cmake/stm32cubemx/CMakeFiles/FreeRTOS.dir/__/__/Middlewares/Third_Party/FreeRTOS/Source/tasks.c.obj
                0x080070c0                vTaskStartScheduler
 .text.vTaskSuspendAll
                0x08007194       0x1c cmake/stm32cubemx/CMakeFiles/FreeRTOS.dir/__/__/Middlewares/Third_Party/FreeRTOS/Source/tasks.c.obj
                0x08007194                vTaskSuspendAll
 .text.xTaskResumeAll
                0x080071b0      0x13c cmake/stm32cubemx/CMakeFiles/FreeRTOS.dir/__/__/Middlewares/Third_Party/FreeRTOS/Source/tasks.c.obj
                0x080071b0                xTaskResumeAll
 .text.xTaskGetTickCount
                0x080072ec       0x20 cmake/stm32cubemx/CMakeFiles/FreeRTOS.dir/__/__/Middlewares/Third_Party/FreeRTOS/Source/tasks.c.obj
                0x080072ec                xTaskGetTickCount
 .text.xTaskGetTickCountFromISR
                0x0800730c       0x24 cmake/stm32cubemx/CMakeFiles/FreeRTOS.dir/__/__/Middlewares/Third_Party/FreeRTOS/Source/tasks.c.obj
                0x0800730c                xTaskGetTickCountFromISR
 .text.xTaskIncrementTick
                0x08007330      0x174 cmake/stm32cubemx/CMakeFiles/FreeRTOS.dir/__/__/Middlewares/Third_Party/FreeRTOS/Source/tasks.c.obj
                0x08007330                xTaskIncrementTick
 .text.vTaskSwitchContext
                0x080074a4       0xc8 cmake/stm32cubemx/CMakeFiles/FreeRTOS.dir/__/__/Middlewares/Third_Party/FreeRTOS/Source/tasks.c.obj
                0x080074a4                vTaskSwitchContext
 .text.vTaskPlaceOnEventList
                0x0800756c       0x4c cmake/stm32cubemx/CMakeFiles/FreeRTOS.dir/__/__/Middlewares/Third_Party/FreeRTOS/Source/tasks.c.obj
                0x0800756c                vTaskPlaceOnEventList
 .text.xTaskRemoveFromEventList
                0x080075b8       0xc8 cmake/stm32cubemx/CMakeFiles/FreeRTOS.dir/__/__/Middlewares/Third_Party/FreeRTOS/Source/tasks.c.obj
                0x080075b8                xTaskRemoveFromEventList
 .text.vTaskInternalSetTimeOutState
                0x08007680       0x2c cmake/stm32cubemx/CMakeFiles/FreeRTOS.dir/__/__/Middlewares/Third_Party/FreeRTOS/Source/tasks.c.obj
                0x08007680                vTaskInternalSetTimeOutState
 .text.xTaskCheckForTimeOut
                0x080076ac       0xc8 cmake/stm32cubemx/CMakeFiles/FreeRTOS.dir/__/__/Middlewares/Third_Party/FreeRTOS/Source/tasks.c.obj
                0x080076ac                xTaskCheckForTimeOut
 .text.vTaskMissedYield
                0x08007774       0x18 cmake/stm32cubemx/CMakeFiles/FreeRTOS.dir/__/__/Middlewares/Third_Party/FreeRTOS/Source/tasks.c.obj
                0x08007774                vTaskMissedYield
 .text.prvIdleTask
                0x0800778c       0x30 cmake/stm32cubemx/CMakeFiles/FreeRTOS.dir/__/__/Middlewares/Third_Party/FreeRTOS/Source/tasks.c.obj
 .text.prvInitialiseTaskLists
                0x080077bc       0x80 cmake/stm32cubemx/CMakeFiles/FreeRTOS.dir/__/__/Middlewares/Third_Party/FreeRTOS/Source/tasks.c.obj
 .text.prvCheckTasksWaitingTermination
                0x0800783c       0x5c cmake/stm32cubemx/CMakeFiles/FreeRTOS.dir/__/__/Middlewares/Third_Party/FreeRTOS/Source/tasks.c.obj
 .text.prvDeleteTCB
                0x08007898       0x6a cmake/stm32cubemx/CMakeFiles/FreeRTOS.dir/__/__/Middlewares/Third_Party/FreeRTOS/Source/tasks.c.obj
 *fill*         0x08007902        0x2 
 .text.prvResetNextTaskUnblockTime
                0x08007904       0x40 cmake/stm32cubemx/CMakeFiles/FreeRTOS.dir/__/__/Middlewares/Third_Party/FreeRTOS/Source/tasks.c.obj
 .text.xTaskGetSchedulerState
                0x08007944       0x3c cmake/stm32cubemx/CMakeFiles/FreeRTOS.dir/__/__/Middlewares/Third_Party/FreeRTOS/Source/tasks.c.obj
                0x08007944                xTaskGetSchedulerState
 .text.xTaskPriorityInherit
                0x08007980       0xec cmake/stm32cubemx/CMakeFiles/FreeRTOS.dir/__/__/Middlewares/Third_Party/FreeRTOS/Source/tasks.c.obj
                0x08007980                xTaskPriorityInherit
 .text.xTaskPriorityDisinherit
                0x08007a6c      0x110 cmake/stm32cubemx/CMakeFiles/FreeRTOS.dir/__/__/Middlewares/Third_Party/FreeRTOS/Source/tasks.c.obj
                0x08007a6c                xTaskPriorityDisinherit
 .text.vTaskPriorityDisinheritAfterTimeout
                0x08007b7c      0x120 cmake/stm32cubemx/CMakeFiles/FreeRTOS.dir/__/__/Middlewares/Third_Party/FreeRTOS/Source/tasks.c.obj
                0x08007b7c                vTaskPriorityDisinheritAfterTimeout
 .text.pvTaskIncrementMutexHeldCount
                0x08007c9c       0x28 cmake/stm32cubemx/CMakeFiles/FreeRTOS.dir/__/__/Middlewares/Third_Party/FreeRTOS/Source/tasks.c.obj
                0x08007c9c                pvTaskIncrementMutexHeldCount
 .text.prvAddCurrentTaskToDelayedList
                0x08007cc4       0xcc cmake/stm32cubemx/CMakeFiles/FreeRTOS.dir/__/__/Middlewares/Third_Party/FreeRTOS/Source/tasks.c.obj
 .text.makeFreeRtosPriority
                0x08007d90       0x30 cmake/stm32cubemx/CMakeFiles/FreeRTOS.dir/__/__/Middlewares/Third_Party/FreeRTOS/Source/CMSIS_RTOS/cmsis_os.c.obj
 .text.inHandlerMode
                0x08007dc0       0x24 cmake/stm32cubemx/CMakeFiles/FreeRTOS.dir/__/__/Middlewares/Third_Party/FreeRTOS/Source/CMSIS_RTOS/cmsis_os.c.obj
 .text.osKernelStart
                0x08007de4        0xe cmake/stm32cubemx/CMakeFiles/FreeRTOS.dir/__/__/Middlewares/Third_Party/FreeRTOS/Source/CMSIS_RTOS/cmsis_os.c.obj
                0x08007de4                osKernelStart
 .text.osKernelRunning
                0x08007df2       0x18 cmake/stm32cubemx/CMakeFiles/FreeRTOS.dir/__/__/Middlewares/Third_Party/FreeRTOS/Source/CMSIS_RTOS/cmsis_os.c.obj
                0x08007df2                osKernelRunning
 .text.osKernelSysTick
                0x08007e0a       0x20 cmake/stm32cubemx/CMakeFiles/FreeRTOS.dir/__/__/Middlewares/Third_Party/FreeRTOS/Source/CMSIS_RTOS/cmsis_os.c.obj
                0x08007e0a                osKernelSysTick
 .text.osThreadCreate
                0x08007e2a       0x98 cmake/stm32cubemx/CMakeFiles/FreeRTOS.dir/__/__/Middlewares/Third_Party/FreeRTOS/Source/CMSIS_RTOS/cmsis_os.c.obj
                0x08007e2a                osThreadCreate
 .text.osDelay  0x08007ec2       0x28 cmake/stm32cubemx/CMakeFiles/FreeRTOS.dir/__/__/Middlewares/Third_Party/FreeRTOS/Source/CMSIS_RTOS/cmsis_os.c.obj
                0x08007ec2                osDelay
 .text.osSemaphoreCreate
                0x08007eea       0x64 cmake/stm32cubemx/CMakeFiles/FreeRTOS.dir/__/__/Middlewares/Third_Party/FreeRTOS/Source/CMSIS_RTOS/cmsis_os.c.obj
                0x08007eea                osSemaphoreCreate
 *fill*         0x08007f4e        0x2 
 .text.osSemaphoreWait
                0x08007f50       0x9c cmake/stm32cubemx/CMakeFiles/FreeRTOS.dir/__/__/Middlewares/Third_Party/FreeRTOS/Source/CMSIS_RTOS/cmsis_os.c.obj
                0x08007f50                osSemaphoreWait
 .text.osSemaphoreRelease
                0x08007fec       0x6c cmake/stm32cubemx/CMakeFiles/FreeRTOS.dir/__/__/Middlewares/Third_Party/FreeRTOS/Source/CMSIS_RTOS/cmsis_os.c.obj
                0x08007fec                osSemaphoreRelease
 .text.osSemaphoreDelete
                0x08008058       0x26 cmake/stm32cubemx/CMakeFiles/FreeRTOS.dir/__/__/Middlewares/Third_Party/FreeRTOS/Source/CMSIS_RTOS/cmsis_os.c.obj
                0x08008058                osSemaphoreDelete
 .text.osMessageCreate
                0x0800807e       0x50 cmake/stm32cubemx/CMakeFiles/FreeRTOS.dir/__/__/Middlewares/Third_Party/FreeRTOS/Source/CMSIS_RTOS/cmsis_os.c.obj
                0x0800807e                osMessageCreate
 *fill*         0x080080ce        0x2 
 .text.osMessagePut
                0x080080d0       0x80 cmake/stm32cubemx/CMakeFiles/FreeRTOS.dir/__/__/Middlewares/Third_Party/FreeRTOS/Source/CMSIS_RTOS/cmsis_os.c.obj
                0x080080d0                osMessagePut
 .text.osMessageGet
                0x08008150       0xe8 cmake/stm32cubemx/CMakeFiles/FreeRTOS.dir/__/__/Middlewares/Third_Party/FreeRTOS/Source/CMSIS_RTOS/cmsis_os.c.obj
                0x08008150                osMessageGet
 .text.pvPortMalloc
                0x08008238      0x19c cmake/stm32cubemx/CMakeFiles/FreeRTOS.dir/__/__/Middlewares/Third_Party/FreeRTOS/Source/portable/MemMang/heap_4.c.obj
                0x08008238                pvPortMalloc
 .text.vPortFree
                0x080083d4       0xc8 cmake/stm32cubemx/CMakeFiles/FreeRTOS.dir/__/__/Middlewares/Third_Party/FreeRTOS/Source/portable/MemMang/heap_4.c.obj
                0x080083d4                vPortFree
 .text.prvHeapInit
                0x0800849c       0xc4 cmake/stm32cubemx/CMakeFiles/FreeRTOS.dir/__/__/Middlewares/Third_Party/FreeRTOS/Source/portable/MemMang/heap_4.c.obj
 .text.prvInsertBlockIntoFreeList
                0x08008560       0xb4 cmake/stm32cubemx/CMakeFiles/FreeRTOS.dir/__/__/Middlewares/Third_Party/FreeRTOS/Source/portable/MemMang/heap_4.c.obj
 .text.pxPortInitialiseStack
                0x08008614       0x68 cmake/stm32cubemx/CMakeFiles/FreeRTOS.dir/__/__/Middlewares/Third_Party/FreeRTOS/Source/portable/GCC/ARM_CM4F/port.c.obj
                0x08008614                pxPortInitialiseStack
 .text.prvTaskExitError
                0x0800867c       0x5c cmake/stm32cubemx/CMakeFiles/FreeRTOS.dir/__/__/Middlewares/Third_Party/FreeRTOS/Source/portable/GCC/ARM_CM4F/port.c.obj
 *fill*         0x080086d8        0x8 
 .text.SVC_Handler
                0x080086e0       0x28 cmake/stm32cubemx/CMakeFiles/FreeRTOS.dir/__/__/Middlewares/Third_Party/FreeRTOS/Source/portable/GCC/ARM_CM4F/port.c.obj
                0x080086e0                SVC_Handler
 .text.prvPortStartFirstTask
                0x08008708       0x28 cmake/stm32cubemx/CMakeFiles/FreeRTOS.dir/__/__/Middlewares/Third_Party/FreeRTOS/Source/portable/GCC/ARM_CM4F/port.c.obj
 .text.xPortStartScheduler
                0x08008730      0x148 cmake/stm32cubemx/CMakeFiles/FreeRTOS.dir/__/__/Middlewares/Third_Party/FreeRTOS/Source/portable/GCC/ARM_CM4F/port.c.obj
                0x08008730                xPortStartScheduler
 .text.vPortEnterCritical
                0x08008878       0x64 cmake/stm32cubemx/CMakeFiles/FreeRTOS.dir/__/__/Middlewares/Third_Party/FreeRTOS/Source/portable/GCC/ARM_CM4F/port.c.obj
                0x08008878                vPortEnterCritical
 .text.vPortExitCritical
                0x080088dc       0x54 cmake/stm32cubemx/CMakeFiles/FreeRTOS.dir/__/__/Middlewares/Third_Party/FreeRTOS/Source/portable/GCC/ARM_CM4F/port.c.obj
                0x080088dc                vPortExitCritical
 .text.PendSV_Handler
                0x08008930       0x68 cmake/stm32cubemx/CMakeFiles/FreeRTOS.dir/__/__/Middlewares/Third_Party/FreeRTOS/Source/portable/GCC/ARM_CM4F/port.c.obj
                0x08008930                PendSV_Handler
 .text.SysTick_Handler
                0x08008998       0x44 cmake/stm32cubemx/CMakeFiles/FreeRTOS.dir/__/__/Middlewares/Third_Party/FreeRTOS/Source/portable/GCC/ARM_CM4F/port.c.obj
                0x08008998                SysTick_Handler
 .text.vPortSetupTimerInterrupt
                0x080089dc       0x48 cmake/stm32cubemx/CMakeFiles/FreeRTOS.dir/__/__/Middlewares/Third_Party/FreeRTOS/Source/portable/GCC/ARM_CM4F/port.c.obj
                0x080089dc                vPortSetupTimerInterrupt
 .text.vPortEnableVFP
                0x08008a24       0x14 cmake/stm32cubemx/CMakeFiles/FreeRTOS.dir/__/__/Middlewares/Third_Party/FreeRTOS/Source/portable/GCC/ARM_CM4F/port.c.obj
 .text.vPortValidateInterruptPriority
                0x08008a38       0x84 cmake/stm32cubemx/CMakeFiles/FreeRTOS.dir/__/__/Middlewares/Third_Party/FreeRTOS/Source/portable/GCC/ARM_CM4F/port.c.obj
                0x08008a38                vPortValidateInterruptPriority
 .text.disk_status
                0x08008abc       0x34 cmake/stm32cubemx/CMakeFiles/FatFs.dir/__/__/Middlewares/Third_Party/FatFs/src/diskio.c.obj
                0x08008abc                disk_status
 .text.disk_initialize
                0x08008af0       0x4c cmake/stm32cubemx/CMakeFiles/FatFs.dir/__/__/Middlewares/Third_Party/FatFs/src/diskio.c.obj
                0x08008af0                disk_initialize
 .text.disk_read
                0x08008b3c       0x40 cmake/stm32cubemx/CMakeFiles/FatFs.dir/__/__/Middlewares/Third_Party/FatFs/src/diskio.c.obj
                0x08008b3c                disk_read
 .text.disk_write
                0x08008b7c       0x40 cmake/stm32cubemx/CMakeFiles/FatFs.dir/__/__/Middlewares/Third_Party/FatFs/src/diskio.c.obj
                0x08008b7c                disk_write
 .text.disk_ioctl
                0x08008bbc       0x3c cmake/stm32cubemx/CMakeFiles/FatFs.dir/__/__/Middlewares/Third_Party/FatFs/src/diskio.c.obj
                0x08008bbc                disk_ioctl
 .text.ld_word  0x08008bf8       0x32 cmake/stm32cubemx/CMakeFiles/FatFs.dir/__/__/Middlewares/Third_Party/FatFs/src/ff.c.obj
 .text.ld_dword
                0x08008c2a       0x46 cmake/stm32cubemx/CMakeFiles/FatFs.dir/__/__/Middlewares/Third_Party/FatFs/src/ff.c.obj
 .text.st_word  0x08008c70       0x36 cmake/stm32cubemx/CMakeFiles/FatFs.dir/__/__/Middlewares/Third_Party/FatFs/src/ff.c.obj
 .text.st_dword
                0x08008ca6       0x58 cmake/stm32cubemx/CMakeFiles/FatFs.dir/__/__/Middlewares/Third_Party/FatFs/src/ff.c.obj
 .text.mem_cpy  0x08008cfe       0x42 cmake/stm32cubemx/CMakeFiles/FatFs.dir/__/__/Middlewares/Third_Party/FatFs/src/ff.c.obj
 .text.mem_set  0x08008d40       0x36 cmake/stm32cubemx/CMakeFiles/FatFs.dir/__/__/Middlewares/Third_Party/FatFs/src/ff.c.obj
 .text.mem_cmp  0x08008d76       0x4e cmake/stm32cubemx/CMakeFiles/FatFs.dir/__/__/Middlewares/Third_Party/FatFs/src/ff.c.obj
 .text.chk_chr  0x08008dc4       0x36 cmake/stm32cubemx/CMakeFiles/FatFs.dir/__/__/Middlewares/Third_Party/FatFs/src/ff.c.obj
 .text.lock_fs  0x08008dfa       0x2c cmake/stm32cubemx/CMakeFiles/FatFs.dir/__/__/Middlewares/Third_Party/FatFs/src/ff.c.obj
 .text.unlock_fs
                0x08008e26       0x36 cmake/stm32cubemx/CMakeFiles/FatFs.dir/__/__/Middlewares/Third_Party/FatFs/src/ff.c.obj
 .text.chk_lock
                0x08008e5c       0xb8 cmake/stm32cubemx/CMakeFiles/FatFs.dir/__/__/Middlewares/Third_Party/FatFs/src/ff.c.obj
 .text.enq_lock
                0x08008f14       0x44 cmake/stm32cubemx/CMakeFiles/FatFs.dir/__/__/Middlewares/Third_Party/FatFs/src/ff.c.obj
 .text.inc_lock
                0x08008f58      0x11c cmake/stm32cubemx/CMakeFiles/FatFs.dir/__/__/Middlewares/Third_Party/FatFs/src/ff.c.obj
 .text.dec_lock
                0x08009074       0x78 cmake/stm32cubemx/CMakeFiles/FatFs.dir/__/__/Middlewares/Third_Party/FatFs/src/ff.c.obj
 .text.clear_lock
                0x080090ec       0x48 cmake/stm32cubemx/CMakeFiles/FatFs.dir/__/__/Middlewares/Third_Party/FatFs/src/ff.c.obj
 .text.sync_window
                0x08009134       0x88 cmake/stm32cubemx/CMakeFiles/FatFs.dir/__/__/Middlewares/Third_Party/FatFs/src/ff.c.obj
 .text.move_window
                0x080091bc       0x5a cmake/stm32cubemx/CMakeFiles/FatFs.dir/__/__/Middlewares/Third_Party/FatFs/src/ff.c.obj
 *fill*         0x08009216        0x2 
 .text.sync_fs  0x08009218       0xe0 cmake/stm32cubemx/CMakeFiles/FatFs.dir/__/__/Middlewares/Third_Party/FatFs/src/ff.c.obj
 .text.clust2sect
                0x080092f8       0x3e cmake/stm32cubemx/CMakeFiles/FatFs.dir/__/__/Middlewares/Third_Party/FatFs/src/ff.c.obj
 .text.get_fat  0x08009336      0x1a6 cmake/stm32cubemx/CMakeFiles/FatFs.dir/__/__/Middlewares/Third_Party/FatFs/src/ff.c.obj
 .text.put_fat  0x080094dc      0x234 cmake/stm32cubemx/CMakeFiles/FatFs.dir/__/__/Middlewares/Third_Party/FatFs/src/ff.c.obj
 .text.remove_chain
                0x08009710       0xca cmake/stm32cubemx/CMakeFiles/FatFs.dir/__/__/Middlewares/Third_Party/FatFs/src/ff.c.obj
 .text.create_chain
                0x080097da      0x130 cmake/stm32cubemx/CMakeFiles/FatFs.dir/__/__/Middlewares/Third_Party/FatFs/src/ff.c.obj
 .text.clmt_clust
                0x0800990a       0x70 cmake/stm32cubemx/CMakeFiles/FatFs.dir/__/__/Middlewares/Third_Party/FatFs/src/ff.c.obj
 .text.dir_sdi  0x0800997a      0x112 cmake/stm32cubemx/CMakeFiles/FatFs.dir/__/__/Middlewares/Third_Party/FatFs/src/ff.c.obj
 .text.dir_next
                0x08009a8c      0x1ac cmake/stm32cubemx/CMakeFiles/FatFs.dir/__/__/Middlewares/Third_Party/FatFs/src/ff.c.obj
 .text.dir_alloc
                0x08009c38       0x8e cmake/stm32cubemx/CMakeFiles/FatFs.dir/__/__/Middlewares/Third_Party/FatFs/src/ff.c.obj
 .text.ld_clust
                0x08009cc6       0x3e cmake/stm32cubemx/CMakeFiles/FatFs.dir/__/__/Middlewares/Third_Party/FatFs/src/ff.c.obj
 .text.st_clust
                0x08009d04       0x40 cmake/stm32cubemx/CMakeFiles/FatFs.dir/__/__/Middlewares/Third_Party/FatFs/src/ff.c.obj
 .text.dir_find
                0x08009d44       0xaa cmake/stm32cubemx/CMakeFiles/FatFs.dir/__/__/Middlewares/Third_Party/FatFs/src/ff.c.obj
 .text.dir_register
                0x08009dee       0x64 cmake/stm32cubemx/CMakeFiles/FatFs.dir/__/__/Middlewares/Third_Party/FatFs/src/ff.c.obj
 *fill*         0x08009e52        0x2 
 .text.create_name
                0x08009e54      0x128 cmake/stm32cubemx/CMakeFiles/FatFs.dir/__/__/Middlewares/Third_Party/FatFs/src/ff.c.obj
 .text.follow_path
                0x08009f7c       0xec cmake/stm32cubemx/CMakeFiles/FatFs.dir/__/__/Middlewares/Third_Party/FatFs/src/ff.c.obj
 .text.get_ldnumber
                0x0800a068       0x88 cmake/stm32cubemx/CMakeFiles/FatFs.dir/__/__/Middlewares/Third_Party/FatFs/src/ff.c.obj
 .text.check_fs
                0x0800a0f0       0xac cmake/stm32cubemx/CMakeFiles/FatFs.dir/__/__/Middlewares/Third_Party/FatFs/src/ff.c.obj
 .text.find_volume
                0x0800a19c      0x510 cmake/stm32cubemx/CMakeFiles/FatFs.dir/__/__/Middlewares/Third_Party/FatFs/src/ff.c.obj
 .text.validate
                0x0800a6ac       0x8e cmake/stm32cubemx/CMakeFiles/FatFs.dir/__/__/Middlewares/Third_Party/FatFs/src/ff.c.obj
 *fill*         0x0800a73a        0x2 
 .text.f_mount  0x0800a73c       0xc8 cmake/stm32cubemx/CMakeFiles/FatFs.dir/__/__/Middlewares/Third_Party/FatFs/src/ff.c.obj
                0x0800a73c                f_mount
 .text.f_open   0x0800a804      0x39e cmake/stm32cubemx/CMakeFiles/FatFs.dir/__/__/Middlewares/Third_Party/FatFs/src/ff.c.obj
                0x0800a804                f_open
 .text.f_read   0x0800aba2      0x31c cmake/stm32cubemx/CMakeFiles/FatFs.dir/__/__/Middlewares/Third_Party/FatFs/src/ff.c.obj
                0x0800aba2                f_read
 .text.f_write  0x0800aebe      0x386 cmake/stm32cubemx/CMakeFiles/FatFs.dir/__/__/Middlewares/Third_Party/FatFs/src/ff.c.obj
                0x0800aebe                f_write
 .text.f_sync   0x0800b244      0x112 cmake/stm32cubemx/CMakeFiles/FatFs.dir/__/__/Middlewares/Third_Party/FatFs/src/ff.c.obj
                0x0800b244                f_sync
 .text.f_close  0x0800b356       0x5e cmake/stm32cubemx/CMakeFiles/FatFs.dir/__/__/Middlewares/Third_Party/FatFs/src/ff.c.obj
                0x0800b356                f_close
 .text.FATFS_LinkDriverEx
                0x0800b3b4       0x98 cmake/stm32cubemx/CMakeFiles/FatFs.dir/__/__/Middlewares/Third_Party/FatFs/src/ff_gen_drv.c.obj
                0x0800b3b4                FATFS_LinkDriverEx
 .text.FATFS_LinkDriver
                0x0800b44c       0x1e cmake/stm32cubemx/CMakeFiles/FatFs.dir/__/__/Middlewares/Third_Party/FatFs/src/ff_gen_drv.c.obj
                0x0800b44c                FATFS_LinkDriver
 .text.ff_cre_syncobj
                0x0800b46a       0x40 cmake/stm32cubemx/CMakeFiles/FatFs.dir/__/__/Middlewares/Third_Party/FatFs/src/option/syscall.c.obj
                0x0800b46a                ff_cre_syncobj
 .text.ff_del_syncobj
                0x0800b4aa       0x18 cmake/stm32cubemx/CMakeFiles/FatFs.dir/__/__/Middlewares/Third_Party/FatFs/src/option/syscall.c.obj
                0x0800b4aa                ff_del_syncobj
 .text.ff_req_grant
                0x0800b4c2       0x2a cmake/stm32cubemx/CMakeFiles/FatFs.dir/__/__/Middlewares/Third_Party/FatFs/src/option/syscall.c.obj
                0x0800b4c2                ff_req_grant
 .text.ff_rel_grant
                0x0800b4ec       0x16 cmake/stm32cubemx/CMakeFiles/FatFs.dir/__/__/Middlewares/Third_Party/FatFs/src/option/syscall.c.obj
                0x0800b4ec                ff_rel_grant
 *fill*         0x0800b502        0x2 
 .text.MX_FATFS_Init
                0x0800b504       0x24 CMakeFiles/sdCard.dir/FATFS/App/fatfs.c.obj
                0x0800b504                MX_FATFS_Init
 .text.get_fattime
                0x0800b528       0x10 CMakeFiles/sdCard.dir/FATFS/App/fatfs.c.obj
                0x0800b528                get_fattime
 .text.BSP_SD_Init
                0x0800b538       0x4c CMakeFiles/sdCard.dir/FATFS/Target/bsp_driver_sd.c.obj
                0x0800b538                BSP_SD_Init
 .text.BSP_SD_ReadBlocks_DMA
                0x0800b584       0x50 CMakeFiles/sdCard.dir/FATFS/Target/bsp_driver_sd.c.obj
                0x0800b584                BSP_SD_ReadBlocks_DMA
 .text.BSP_SD_WriteBlocks_DMA
                0x0800b5d4       0x50 CMakeFiles/sdCard.dir/FATFS/Target/bsp_driver_sd.c.obj
                0x0800b5d4                BSP_SD_WriteBlocks_DMA
 .text.BSP_SD_GetCardState
                0x0800b624       0x20 CMakeFiles/sdCard.dir/FATFS/Target/bsp_driver_sd.c.obj
                0x0800b624                BSP_SD_GetCardState
 .text.BSP_SD_GetCardInfo
                0x0800b644       0x1c CMakeFiles/sdCard.dir/FATFS/Target/bsp_driver_sd.c.obj
                0x0800b644                BSP_SD_GetCardInfo
 .text.HAL_SD_AbortCallback
                0x0800b660       0x14 CMakeFiles/sdCard.dir/FATFS/Target/bsp_driver_sd.c.obj
                0x0800b660                HAL_SD_AbortCallback
 .text.HAL_SD_TxCpltCallback
                0x0800b674       0x14 CMakeFiles/sdCard.dir/FATFS/Target/bsp_driver_sd.c.obj
                0x0800b674                HAL_SD_TxCpltCallback
 .text.HAL_SD_RxCpltCallback
                0x0800b688       0x14 CMakeFiles/sdCard.dir/FATFS/Target/bsp_driver_sd.c.obj
                0x0800b688                HAL_SD_RxCpltCallback
 .text.BSP_SD_AbortCallback
                0x0800b69c        0xe CMakeFiles/sdCard.dir/FATFS/Target/bsp_driver_sd.c.obj
                0x0800b69c                BSP_SD_AbortCallback
 .text.BSP_SD_IsDetected
                0x0800b6aa       0x24 CMakeFiles/sdCard.dir/FATFS/Target/bsp_driver_sd.c.obj
                0x0800b6aa                BSP_SD_IsDetected
 *fill*         0x0800b6ce        0x2 
 .text.BSP_SD_DMA_Tx_IRQHandler
                0x0800b6d0       0x18 CMakeFiles/sdCard.dir/FATFS/Target/bsp_driver_sd.c.obj
                0x0800b6d0                BSP_SD_DMA_Tx_IRQHandler
 .text.BSP_SD_DMA_Rx_IRQHandler
                0x0800b6e8       0x18 CMakeFiles/sdCard.dir/FATFS/Target/bsp_driver_sd.c.obj
                0x0800b6e8                BSP_SD_DMA_Rx_IRQHandler
 .text.SD_DMAConfigRx
                0x0800b700       0x88 CMakeFiles/sdCard.dir/FATFS/Target/bsp_driver_sd.c.obj
 .text.SD_DMAConfigTx
                0x0800b788       0x84 CMakeFiles/sdCard.dir/FATFS/Target/bsp_driver_sd.c.obj
 .text.SD_CheckStatusWithTimeout
                0x0800b80c       0x3a CMakeFiles/sdCard.dir/FATFS/Target/sd_diskio.c.obj
 *fill*         0x0800b846        0x2 
 .text.SD_CheckStatus
                0x0800b848       0x3c CMakeFiles/sdCard.dir/FATFS/Target/sd_diskio.c.obj
 .text.SD_initialize
                0x0800b884       0x98 CMakeFiles/sdCard.dir/FATFS/Target/sd_diskio.c.obj
                0x0800b884                SD_initialize
 .text.SD_status
                0x0800b91c       0x1c CMakeFiles/sdCard.dir/FATFS/Target/sd_diskio.c.obj
                0x0800b91c                SD_status
 .text.SD_read  0x0800b938       0x9c CMakeFiles/sdCard.dir/FATFS/Target/sd_diskio.c.obj
                0x0800b938                SD_read
 .text.SD_write
                0x0800b9d4       0x94 CMakeFiles/sdCard.dir/FATFS/Target/sd_diskio.c.obj
                0x0800b9d4                SD_write
 .text.SD_ioctl
                0x0800ba68       0xb0 CMakeFiles/sdCard.dir/FATFS/Target/sd_diskio.c.obj
                0x0800ba68                SD_ioctl
 .text.BSP_SD_WriteCpltCallback
                0x0800bb18       0x1c CMakeFiles/sdCard.dir/FATFS/Target/sd_diskio.c.obj
                0x0800bb18                BSP_SD_WriteCpltCallback
 .text.BSP_SD_ReadCpltCallback
                0x0800bb34       0x1c CMakeFiles/sdCard.dir/FATFS/Target/sd_diskio.c.obj
                0x0800bb34                BSP_SD_ReadCpltCallback
 .text.BSP_PlatformIsDetected
                0x0800bb50       0x2c CMakeFiles/sdCard.dir/FATFS/Target/fatfs_platform.c.obj
                0x0800bb50                BSP_PlatformIsDetected
 .text.main     0x0800bb7c       0x28 CMakeFiles/sdCard.dir/Core/Src/main.c.obj
                0x0800bb7c                main
 .text.SystemClock_Config
                0x0800bba4       0xa2 CMakeFiles/sdCard.dir/Core/Src/main.c.obj
                0x0800bba4                SystemClock_Config
 *fill*         0x0800bc46        0x2 
 .text.HAL_TIM_PeriodElapsedCallback
                0x0800bc48       0x24 CMakeFiles/sdCard.dir/Core/Src/main.c.obj
                0x0800bc48                HAL_TIM_PeriodElapsedCallback
 .text.Error_Handler
                0x0800bc6c        0xc CMakeFiles/sdCard.dir/Core/Src/main.c.obj
                0x0800bc6c                Error_Handler
 .text.MX_GPIO_Init
                0x0800bc78       0x9c CMakeFiles/sdCard.dir/Core/Src/gpio.c.obj
                0x0800bc78                MX_GPIO_Init
 .text.vApplicationGetIdleTaskMemory
                0x0800bd14       0x34 CMakeFiles/sdCard.dir/Core/Src/freertos.c.obj
                0x0800bd14                vApplicationGetIdleTaskMemory
 .text.MX_FREERTOS_Init
                0x0800bd48       0x38 CMakeFiles/sdCard.dir/Core/Src/freertos.c.obj
                0x0800bd48                MX_FREERTOS_Init
 .text.StartDefaultTask
                0x0800bd80       0xd8 CMakeFiles/sdCard.dir/Core/Src/freertos.c.obj
                0x0800bd80                StartDefaultTask
 .text.MX_DMA_Init
                0x0800be58       0x3c CMakeFiles/sdCard.dir/Core/Src/dma.c.obj
                0x0800be58                MX_DMA_Init
 .text.MX_SDMMC1_SD_Init
                0x0800be94       0x44 CMakeFiles/sdCard.dir/Core/Src/sdmmc.c.obj
                0x0800be94                MX_SDMMC1_SD_Init
 .text.HAL_SD_MspInit
                0x0800bed8      0x138 CMakeFiles/sdCard.dir/Core/Src/sdmmc.c.obj
                0x0800bed8                HAL_SD_MspInit
 .text.NMI_Handler
                0x0800c010        0x8 CMakeFiles/sdCard.dir/Core/Src/stm32l4xx_it.c.obj
                0x0800c010                NMI_Handler
 .text.HardFault_Handler
                0x0800c018        0x8 CMakeFiles/sdCard.dir/Core/Src/stm32l4xx_it.c.obj
                0x0800c018                HardFault_Handler
 .text.MemManage_Handler
                0x0800c020        0x8 CMakeFiles/sdCard.dir/Core/Src/stm32l4xx_it.c.obj
                0x0800c020                MemManage_Handler
 .text.BusFault_Handler
                0x0800c028        0x8 CMakeFiles/sdCard.dir/Core/Src/stm32l4xx_it.c.obj
                0x0800c028                BusFault_Handler
 .text.UsageFault_Handler
                0x0800c030        0x8 CMakeFiles/sdCard.dir/Core/Src/stm32l4xx_it.c.obj
                0x0800c030                UsageFault_Handler
 .text.DebugMon_Handler
                0x0800c038        0xe CMakeFiles/sdCard.dir/Core/Src/stm32l4xx_it.c.obj
                0x0800c038                DebugMon_Handler
 *fill*         0x0800c046        0x2 
 .text.SDMMC1_IRQHandler
                0x0800c048       0x14 CMakeFiles/sdCard.dir/Core/Src/stm32l4xx_it.c.obj
                0x0800c048                SDMMC1_IRQHandler
 .text.TIM6_DAC_IRQHandler
                0x0800c05c       0x14 CMakeFiles/sdCard.dir/Core/Src/stm32l4xx_it.c.obj
                0x0800c05c                TIM6_DAC_IRQHandler
 .text.DMA2_Channel4_IRQHandler
                0x0800c070       0x40 CMakeFiles/sdCard.dir/Core/Src/stm32l4xx_it.c.obj
                0x0800c070                DMA2_Channel4_IRQHandler
 .text.HAL_MspInit
                0x0800c0b0       0x50 CMakeFiles/sdCard.dir/Core/Src/stm32l4xx_hal_msp.c.obj
                0x0800c0b0                HAL_MspInit
 .text.HAL_InitTick
                0x0800c100       0xf4 CMakeFiles/sdCard.dir/Core/Src/stm32l4xx_hal_timebase_tim.c.obj
                0x0800c100                HAL_InitTick
 .text._sbrk    0x0800c1f4       0x6c CMakeFiles/sdCard.dir/Core/Src/sysmem.c.obj
                0x0800c1f4                _sbrk
 .text.Reset_Handler
                0x0800c260       0x50 CMakeFiles/sdCard.dir/startup_stm32l476xx.s.obj
                0x0800c260                Reset_Handler
 .text.Default_Handler
                0x0800c2b0        0x2 CMakeFiles/sdCard.dir/startup_stm32l476xx.s.obj
                0x0800c2b0                RTC_Alarm_IRQHandler
                0x0800c2b0                EXTI2_IRQHandler
                0x0800c2b0                TIM8_TRG_COM_IRQHandler
                0x0800c2b0                TIM8_CC_IRQHandler
                0x0800c2b0                TIM1_CC_IRQHandler
                0x0800c2b0                TSC_IRQHandler
                0x0800c2b0                TAMP_STAMP_IRQHandler
                0x0800c2b0                EXTI3_IRQHandler
                0x0800c2b0                LPTIM2_IRQHandler
                0x0800c2b0                DFSDM1_FLT1_IRQHandler
                0x0800c2b0                I2C3_ER_IRQHandler
                0x0800c2b0                DFSDM1_FLT2_IRQHandler
                0x0800c2b0                EXTI0_IRQHandler
                0x0800c2b0                I2C2_EV_IRQHandler
                0x0800c2b0                CAN1_RX0_IRQHandler
                0x0800c2b0                FPU_IRQHandler
                0x0800c2b0                TIM1_UP_TIM16_IRQHandler
                0x0800c2b0                ADC1_2_IRQHandler
                0x0800c2b0                SPI1_IRQHandler
                0x0800c2b0                TIM8_UP_IRQHandler
                0x0800c2b0                DMA2_Channel2_IRQHandler
                0x0800c2b0                DMA1_Channel4_IRQHandler
                0x0800c2b0                SAI2_IRQHandler
                0x0800c2b0                DFSDM1_FLT3_IRQHandler
                0x0800c2b0                USART3_IRQHandler
                0x0800c2b0                DMA1_Channel7_IRQHandler
                0x0800c2b0                CAN1_RX1_IRQHandler
                0x0800c2b0                LCD_IRQHandler
                0x0800c2b0                UART5_IRQHandler
                0x0800c2b0                ADC3_IRQHandler
                0x0800c2b0                TIM4_IRQHandler
                0x0800c2b0                DMA2_Channel1_IRQHandler
                0x0800c2b0                QUADSPI_IRQHandler
                0x0800c2b0                I2C1_EV_IRQHandler
                0x0800c2b0                DMA1_Channel6_IRQHandler
                0x0800c2b0                UART4_IRQHandler
                0x0800c2b0                TIM3_IRQHandler
                0x0800c2b0                RCC_IRQHandler
                0x0800c2b0                DMA1_Channel1_IRQHandler
                0x0800c2b0                Default_Handler
                0x0800c2b0                DMA2_Channel7_IRQHandler
                0x0800c2b0                EXTI15_10_IRQHandler
                0x0800c2b0                TIM7_IRQHandler
                0x0800c2b0                TIM5_IRQHandler
                0x0800c2b0                I2C3_EV_IRQHandler
                0x0800c2b0                EXTI9_5_IRQHandler
                0x0800c2b0                RTC_WKUP_IRQHandler
                0x0800c2b0                PVD_PVM_IRQHandler
                0x0800c2b0                SPI2_IRQHandler
                0x0800c2b0                CAN1_TX_IRQHandler
                0x0800c2b0                DMA2_Channel5_IRQHandler
                0x0800c2b0                DMA1_Channel5_IRQHandler
                0x0800c2b0                EXTI4_IRQHandler
                0x0800c2b0                RNG_IRQHandler
                0x0800c2b0                TIM1_TRG_COM_TIM17_IRQHandler
                0x0800c2b0                DMA1_Channel3_IRQHandler
                0x0800c2b0                COMP_IRQHandler
                0x0800c2b0                WWDG_IRQHandler
                0x0800c2b0                LPUART1_IRQHandler
                0x0800c2b0                DMA2_Channel6_IRQHandler
                0x0800c2b0                TIM2_IRQHandler
                0x0800c2b0                EXTI1_IRQHandler
                0x0800c2b0                USART2_IRQHandler
                0x0800c2b0                DFSDM1_FLT0_IRQHandler
                0x0800c2b0                I2C2_ER_IRQHandler
                0x0800c2b0                DMA1_Channel2_IRQHandler
                0x0800c2b0                TIM8_BRK_IRQHandler
                0x0800c2b0                CAN1_SCE_IRQHandler
                0x0800c2b0                FLASH_IRQHandler
                0x0800c2b0                USART1_IRQHandler
                0x0800c2b0                OTG_FS_IRQHandler
                0x0800c2b0                SPI3_IRQHandler
                0x0800c2b0                I2C1_ER_IRQHandler
                0x0800c2b0                FMC_IRQHandler
                0x0800c2b0                SWPMI1_IRQHandler
                0x0800c2b0                LPTIM1_IRQHandler
                0x0800c2b0                SAI1_IRQHandler
                0x0800c2b0                DMA2_Channel3_IRQHandler
                0x0800c2b0                TIM1_BRK_TIM15_IRQHandler
 *fill*         0x0800c2b2        0x2 
 .text.sprintf  0x0800c2b4       0x44 C:/Users/dvesc/AppData/Local/stm32cube/bundles/gnu-tools-for-stm32/13.3.1+st.8/bin/../lib/gcc/arm-none-eabi/13.3.1/../../../../arm-none-eabi/lib/thumb/v7e-m+fp/hard\libg_nano.a(libc_a-sprintf.o)
                0x0800c2b4                siprintf
                0x0800c2b4                sprintf
 .text.__errno  0x0800c2f8        0xc C:/Users/dvesc/AppData/Local/stm32cube/bundles/gnu-tools-for-stm32/13.3.1+st.8/bin/../lib/gcc/arm-none-eabi/13.3.1/../../../../arm-none-eabi/lib/thumb/v7e-m+fp/hard\libg_nano.a(libc_a-errno.o)
                0x0800c2f8                __errno
 .text.memcpy   0x0800c304       0x1c C:/Users/dvesc/AppData/Local/stm32cube/bundles/gnu-tools-for-stm32/13.3.1+st.8/bin/../lib/gcc/arm-none-eabi/13.3.1/../../../../arm-none-eabi/lib/thumb/v7e-m+fp/hard\libg_nano.a(libc_a-memcpy-stub.o)
                0x0800c304                memcpy
 .text.__ssputs_r
                0x0800c320       0xb6 C:/Users/dvesc/AppData/Local/stm32cube/bundles/gnu-tools-for-stm32/13.3.1+st.8/bin/../lib/gcc/arm-none-eabi/13.3.1/../../../../arm-none-eabi/lib/thumb/v7e-m+fp/hard\libg_nano.a(libc_a-nano-svfprintf.o)
                0x0800c320                __ssputs_r
 *fill*         0x0800c3d6        0x2 
 .text._svfprintf_r
                0x0800c3d8      0x1f8 C:/Users/dvesc/AppData/Local/stm32cube/bundles/gnu-tools-for-stm32/13.3.1+st.8/bin/../lib/gcc/arm-none-eabi/13.3.1/../../../../arm-none-eabi/lib/thumb/v7e-m+fp/hard\libg_nano.a(libc_a-nano-svfprintf.o)
                0x0800c3d8                _svfiprintf_r
                0x0800c3d8                _svfprintf_r
 .text._printf_common
                0x0800c5d0       0xda C:/Users/dvesc/AppData/Local/stm32cube/bundles/gnu-tools-for-stm32/13.3.1+st.8/bin/../lib/gcc/arm-none-eabi/13.3.1/../../../../arm-none-eabi/lib/thumb/v7e-m+fp/hard\libg_nano.a(libc_a-nano-vfprintf_i.o)
                0x0800c5d0                _printf_common
 *fill*         0x0800c6aa        0x2 
 .text._printf_i
                0x0800c6ac      0x23c C:/Users/dvesc/AppData/Local/stm32cube/bundles/gnu-tools-for-stm32/13.3.1+st.8/bin/../lib/gcc/arm-none-eabi/13.3.1/../../../../arm-none-eabi/lib/thumb/v7e-m+fp/hard\libg_nano.a(libc_a-nano-vfprintf_i.o)
                0x0800c6ac                _printf_i
 .text.memmove  0x0800c8e8       0x34 C:/Users/dvesc/AppData/Local/stm32cube/bundles/gnu-tools-for-stm32/13.3.1+st.8/bin/../lib/gcc/arm-none-eabi/13.3.1/../../../../arm-none-eabi/lib/thumb/v7e-m+fp/hard\libg_nano.a(libc_a-memmove.o)
                0x0800c8e8                memmove
 .text._realloc_r
                0x0800c91c       0x5c C:/Users/dvesc/AppData/Local/stm32cube/bundles/gnu-tools-for-stm32/13.3.1+st.8/bin/../lib/gcc/arm-none-eabi/13.3.1/../../../../arm-none-eabi/lib/thumb/v7e-m+fp/hard\libg_nano.a(libc_a-reallocr.o)
                0x0800c91c                _realloc_r
 .text._malloc_usable_size_r
                0x0800c978       0x10 C:/Users/dvesc/AppData/Local/stm32cube/bundles/gnu-tools-for-stm32/13.3.1+st.8/bin/../lib/gcc/arm-none-eabi/13.3.1/../../../../arm-none-eabi/lib/thumb/v7e-m+fp/hard\libg_nano.a(libc_a-msizer.o)
                0x0800c978                _malloc_usable_size_r
 *(.glue_7)
 .glue_7        0x0800c988        0x0 linker stubs
 *(.glue_7t)
 .glue_7t       0x0800c988        0x0 linker stubs
 *(.eh_frame)
 .eh_frame      0x0800c988        0x0 C:/Users/dvesc/AppData/Local/stm32cube/bundles/gnu-tools-for-stm32/13.3.1+st.8/bin/../lib/gcc/arm-none-eabi/13.3.1/thumb/v7e-m+fp/hard/crtbegin.o
 *(.init)
 .init          0x0800c988        0x4 C:/Users/dvesc/AppData/Local/stm32cube/bundles/gnu-tools-for-stm32/13.3.1+st.8/bin/../lib/gcc/arm-none-eabi/13.3.1/thumb/v7e-m+fp/hard/crti.o
                0x0800c988                _init
 .init          0x0800c98c        0x8 C:/Users/dvesc/AppData/Local/stm32cube/bundles/gnu-tools-for-stm32/13.3.1+st.8/bin/../lib/gcc/arm-none-eabi/13.3.1/thumb/v7e-m+fp/hard/crtn.o
 *(.fini)
 .fini          0x0800c994        0x4 C:/Users/dvesc/AppData/Local/stm32cube/bundles/gnu-tools-for-stm32/13.3.1+st.8/bin/../lib/gcc/arm-none-eabi/13.3.1/thumb/v7e-m+fp/hard/crti.o
                0x0800c994                _fini
 .fini          0x0800c998        0x8 C:/Users/dvesc/AppData/Local/stm32cube/bundles/gnu-tools-for-stm32/13.3.1+st.8/bin/../lib/gcc/arm-none-eabi/13.3.1/thumb/v7e-m+fp/hard/crtn.o
                0x0800c9a0                        . = ALIGN (0x8)
                0x0800c9a0                        _etext = .

.vfp11_veneer   0x0800c9a0        0x0
 .vfp11_veneer  0x0800c9a0        0x0 linker stubs

.v4_bx          0x0800c9a0        0x0
 .v4_bx         0x0800c9a0        0x0 linker stubs

.iplt           0x0800c9a0        0x0
 .iplt          0x0800c9a0        0x0 C:/Users/dvesc/AppData/Local/stm32cube/bundles/gnu-tools-for-stm32/13.3.1+st.8/bin/../lib/gcc/arm-none-eabi/13.3.1/thumb/v7e-m+fp/hard/crtbegin.o

.rodata         0x0800c9a0      0x1b0
                0x0800c9a0                        . = ALIGN (0x8)
 *(.rodata)
 .rodata        0x0800c9a0        0x5 cmake/stm32cubemx/CMakeFiles/FreeRTOS.dir/__/__/Middlewares/Third_Party/FreeRTOS/Source/tasks.c.obj
 *fill*         0x0800c9a5        0x3 
 .rodata        0x0800c9a8       0x44 cmake/stm32cubemx/CMakeFiles/FatFs.dir/__/__/Middlewares/Third_Party/FatFs/src/ff.c.obj
 .rodata        0x0800c9ec       0x10 CMakeFiles/sdCard.dir/FATFS/Target/sd_diskio.c.obj
 .rodata        0x0800c9fc       0x44 CMakeFiles/sdCard.dir/Core/Src/freertos.c.obj
 *(.rodata*)
 .rodata.AHBPrescTable
                0x0800ca40       0x10 cmake/stm32cubemx/CMakeFiles/STM32_Drivers.dir/__/__/Core/Src/system_stm32l4xx.c.obj
                0x0800ca40                AHBPrescTable
 .rodata.APBPrescTable
                0x0800ca50        0x8 cmake/stm32cubemx/CMakeFiles/STM32_Drivers.dir/__/__/Core/Src/system_stm32l4xx.c.obj
                0x0800ca50                APBPrescTable
 .rodata.MSIRangeTable
                0x0800ca58       0x30 cmake/stm32cubemx/CMakeFiles/STM32_Drivers.dir/__/__/Core/Src/system_stm32l4xx.c.obj
                0x0800ca58                MSIRangeTable
 .rodata.ExCvt  0x0800ca88       0x80 cmake/stm32cubemx/CMakeFiles/FatFs.dir/__/__/Middlewares/Third_Party/FatFs/src/ff.c.obj
 .rodata.SD_Driver
                0x0800cb08       0x14 CMakeFiles/sdCard.dir/FATFS/Target/sd_diskio.c.obj
                0x0800cb08                SD_Driver
 .rodata._svfprintf_r.str1.1
                0x0800cb1c       0x33 C:/Users/dvesc/AppData/Local/stm32cube/bundles/gnu-tools-for-stm32/13.3.1+st.8/bin/../lib/gcc/arm-none-eabi/13.3.1/../../../../arm-none-eabi/lib/thumb/v7e-m+fp/hard\libg_nano.a(libc_a-nano-svfprintf.o)
                                 0x11 (size before relaxing)
 .rodata._printf_i.str1.1
                0x0800cb4f       0x22 C:/Users/dvesc/AppData/Local/stm32cube/bundles/gnu-tools-for-stm32/13.3.1+st.8/bin/../lib/gcc/arm-none-eabi/13.3.1/../../../../arm-none-eabi/lib/thumb/v7e-m+fp/hard\libg_nano.a(libc_a-nano-vfprintf_i.o)
                0x0800cb78                        . = ALIGN (0x8)
 *fill*         0x0800cb4f        0x1 

.ARM.extab      0x0800cb50        0x0
                0x0800cb50                        . = ALIGN (0x8)
 *(.ARM.extab* .gnu.linkonce.armextab.*)
                0x0800cb50                        . = ALIGN (0x8)

.ARM            0x0800cb50        0x8
                0x0800cb50                        . = ALIGN (0x8)
                0x0800cb50                        __exidx_start = .
 *(.ARM.exidx*)
 .ARM.exidx     0x0800cb50        0x8 C:/Users/dvesc/AppData/Local/stm32cube/bundles/gnu-tools-for-stm32/13.3.1+st.8/bin/../lib/gcc/arm-none-eabi/13.3.1/../../../../arm-none-eabi/lib/thumb/v7e-m+fp/hard\libg_nano.a(libc_a-strcmp.o)
 .ARM.exidx     0x0800cb58        0x0 C:/Users/dvesc/AppData/Local/stm32cube/bundles/gnu-tools-for-stm32/13.3.1+st.8/bin/../lib/gcc/arm-none-eabi/13.3.1/../../../../arm-none-eabi/lib/thumb/v7e-m+fp/hard\libg_nano.a(libc_a-memchr.o)
                                  0x8 (size before relaxing)
                0x0800cb58                        __exidx_end = .
                0x0800cb58                        . = ALIGN (0x8)

.preinit_array  0x0800cb58        0x0
                0x0800cb58                        . = ALIGN (0x8)
                0x0800cb58                        PROVIDE (__preinit_array_start = .)
 *(.preinit_array*)
                0x0800cb58                        PROVIDE (__preinit_array_end = .)
                0x0800cb58                        . = ALIGN (0x8)

.init_array     0x0800cb58        0x8
                0x0800cb58                        . = ALIGN (0x8)
                0x0800cb58                        PROVIDE (__init_array_start = .)
 *(SORT_BY_NAME(.init_array.*))
 *(.init_array*)
 .init_array    0x0800cb58        0x4 C:/Users/dvesc/AppData/Local/stm32cube/bundles/gnu-tools-for-stm32/13.3.1+st.8/bin/../lib/gcc/arm-none-eabi/13.3.1/thumb/v7e-m+fp/hard/crtbegin.o
                0x0800cb5c                        PROVIDE (__init_array_end = .)
                0x0800cb60                        . = ALIGN (0x8)
 *fill*         0x0800cb5c        0x4 

.fini_array     0x0800cb60        0x8
                0x0800cb60                        . = ALIGN (0x8)
                [!provide]                        PROVIDE (__fini_array_start = .)
 *(SORT_BY_NAME(.fini_array.*))
 *(.fini_array*)
 .fini_array    0x0800cb60        0x4 C:/Users/dvesc/AppData/Local/stm32cube/bundles/gnu-tools-for-stm32/13.3.1+st.8/bin/../lib/gcc/arm-none-eabi/13.3.1/thumb/v7e-m+fp/hard/crtbegin.o
                [!provide]                        PROVIDE (__fini_array_end = .)
                0x0800cb68                        . = ALIGN (0x8)
 *fill*         0x0800cb64        0x4 
                0x0800cb68                        _sidata = LOADADDR (.data)

.rel.dyn        0x0800cb68        0x0
 .rel.iplt      0x0800cb68        0x0 C:/Users/dvesc/AppData/Local/stm32cube/bundles/gnu-tools-for-stm32/13.3.1+st.8/bin/../lib/gcc/arm-none-eabi/13.3.1/thumb/v7e-m+fp/hard/crtbegin.o

.data           0x20000000       0x68 load address 0x0800cb68
                0x20000000                        . = ALIGN (0x8)
                0x20000000                        _sdata = .
 *(.data)
 *(.data*)
 .data._impure_ptr
                0x20000000        0x4 C:/Users/dvesc/AppData/Local/stm32cube/bundles/gnu-tools-for-stm32/13.3.1+st.8/bin/../lib/gcc/arm-none-eabi/13.3.1/../../../../arm-none-eabi/lib/thumb/v7e-m+fp/hard\libc_nano.a(libc_a-impure.o)
                0x20000000                _impure_ptr
 .data._impure_data
                0x20000004       0x4c C:/Users/dvesc/AppData/Local/stm32cube/bundles/gnu-tools-for-stm32/13.3.1+st.8/bin/../lib/gcc/arm-none-eabi/13.3.1/../../../../arm-none-eabi/lib/thumb/v7e-m+fp/hard\libc_nano.a(libc_a-impure.o)
                0x20000004                _impure_data
 .data.SystemCoreClock
                0x20000050        0x4 cmake/stm32cubemx/CMakeFiles/STM32_Drivers.dir/__/__/Core/Src/system_stm32l4xx.c.obj
                0x20000050                SystemCoreClock
 .data.uwTickPrio
                0x20000054        0x4 cmake/stm32cubemx/CMakeFiles/STM32_Drivers.dir/__/__/Drivers/STM32L4xx_HAL_Driver/Src/stm32l4xx_hal.c.obj
                0x20000054                uwTickPrio
 .data.uwTickFreq
                0x20000058        0x1 cmake/stm32cubemx/CMakeFiles/STM32_Drivers.dir/__/__/Drivers/STM32L4xx_HAL_Driver/Src/stm32l4xx_hal.c.obj
                0x20000058                uwTickFreq
 *fill*         0x20000059        0x3 
 .data.uxCriticalNesting
                0x2000005c        0x4 cmake/stm32cubemx/CMakeFiles/FreeRTOS.dir/__/__/Middlewares/Third_Party/FreeRTOS/Source/portable/GCC/ARM_CM4F/port.c.obj
 .data.Stat     0x20000060        0x1 CMakeFiles/sdCard.dir/FATFS/Target/sd_diskio.c.obj
 *(.RamFunc)
 *(.RamFunc*)
                0x20000068                        . = ALIGN (0x8)
 *fill*         0x20000061        0x7 
                0x20000068                        _edata = .

.igot.plt       0x20000068        0x0 load address 0x0800cbd0
 .igot.plt      0x20000068        0x0 C:/Users/dvesc/AppData/Local/stm32cube/bundles/gnu-tools-for-stm32/13.3.1+st.8/bin/../lib/gcc/arm-none-eabi/13.3.1/thumb/v7e-m+fp/hard/crtbegin.o
                0x20000068                        . = ALIGN (0x4)

.bss            0x20000068     0x4ffc load address 0x0800cbd0
                0x20000068                        _sbss = .
                0x20000068                        __bss_start__ = _sbss
 *(.bss)
 .bss           0x20000068       0x1c C:/Users/dvesc/AppData/Local/stm32cube/bundles/gnu-tools-for-stm32/13.3.1+st.8/bin/../lib/gcc/arm-none-eabi/13.3.1/thumb/v7e-m+fp/hard/crtbegin.o
 *(.bss*)
 .bss.__sf      0x20000084      0x138 C:/Users/dvesc/AppData/Local/stm32cube/bundles/gnu-tools-for-stm32/13.3.1+st.8/bin/../lib/gcc/arm-none-eabi/13.3.1/../../../../arm-none-eabi/lib/thumb/v7e-m+fp/hard\libc_nano.a(libc_a-findfp.o)
                0x20000084                __sf
 .bss.errno     0x200001bc        0x4 C:/Users/dvesc/AppData/Local/stm32cube/bundles/gnu-tools-for-stm32/13.3.1+st.8/bin/../lib/gcc/arm-none-eabi/13.3.1/../../../../arm-none-eabi/lib/thumb/v7e-m+fp/hard\libc_nano.a(libc_a-reent.o)
                0x200001bc                errno
 .bss.__lock___malloc_recursive_mutex
                0x200001c0        0x1 C:/Users/dvesc/AppData/Local/stm32cube/bundles/gnu-tools-for-stm32/13.3.1+st.8/bin/../lib/gcc/arm-none-eabi/13.3.1/../../../../arm-none-eabi/lib/thumb/v7e-m+fp/hard\libc_nano.a(libc_a-lock.o)
                0x200001c0                __lock___malloc_recursive_mutex
 *fill*         0x200001c1        0x3 
 .bss.__malloc_sbrk_start
                0x200001c4        0x4 C:/Users/dvesc/AppData/Local/stm32cube/bundles/gnu-tools-for-stm32/13.3.1+st.8/bin/../lib/gcc/arm-none-eabi/13.3.1/../../../../arm-none-eabi/lib/thumb/v7e-m+fp/hard\libc_nano.a(libc_a-mallocr.o)
                0x200001c4                __malloc_sbrk_start
 .bss.__malloc_free_list
                0x200001c8        0x4 C:/Users/dvesc/AppData/Local/stm32cube/bundles/gnu-tools-for-stm32/13.3.1+st.8/bin/../lib/gcc/arm-none-eabi/13.3.1/../../../../arm-none-eabi/lib/thumb/v7e-m+fp/hard\libc_nano.a(libc_a-mallocr.o)
                0x200001c8                __malloc_free_list
 .bss.uwTick    0x200001cc        0x4 cmake/stm32cubemx/CMakeFiles/STM32_Drivers.dir/__/__/Drivers/STM32L4xx_HAL_Driver/Src/stm32l4xx_hal.c.obj
                0x200001cc                uwTick
 .bss.xQueueRegistry
                0x200001d0       0x40 cmake/stm32cubemx/CMakeFiles/FreeRTOS.dir/__/__/Middlewares/Third_Party/FreeRTOS/Source/queue.c.obj
                0x200001d0                xQueueRegistry
 .bss.pxCurrentTCB
                0x20000210        0x4 cmake/stm32cubemx/CMakeFiles/FreeRTOS.dir/__/__/Middlewares/Third_Party/FreeRTOS/Source/tasks.c.obj
                0x20000210                pxCurrentTCB
 .bss.pxReadyTasksLists
                0x20000214       0x8c cmake/stm32cubemx/CMakeFiles/FreeRTOS.dir/__/__/Middlewares/Third_Party/FreeRTOS/Source/tasks.c.obj
 .bss.xDelayedTaskList1
                0x200002a0       0x14 cmake/stm32cubemx/CMakeFiles/FreeRTOS.dir/__/__/Middlewares/Third_Party/FreeRTOS/Source/tasks.c.obj
 .bss.xDelayedTaskList2
                0x200002b4       0x14 cmake/stm32cubemx/CMakeFiles/FreeRTOS.dir/__/__/Middlewares/Third_Party/FreeRTOS/Source/tasks.c.obj
 .bss.pxDelayedTaskList
                0x200002c8        0x4 cmake/stm32cubemx/CMakeFiles/FreeRTOS.dir/__/__/Middlewares/Third_Party/FreeRTOS/Source/tasks.c.obj
 .bss.pxOverflowDelayedTaskList
                0x200002cc        0x4 cmake/stm32cubemx/CMakeFiles/FreeRTOS.dir/__/__/Middlewares/Third_Party/FreeRTOS/Source/tasks.c.obj
 .bss.xPendingReadyList
                0x200002d0       0x14 cmake/stm32cubemx/CMakeFiles/FreeRTOS.dir/__/__/Middlewares/Third_Party/FreeRTOS/Source/tasks.c.obj
 .bss.xTasksWaitingTermination
                0x200002e4       0x14 cmake/stm32cubemx/CMakeFiles/FreeRTOS.dir/__/__/Middlewares/Third_Party/FreeRTOS/Source/tasks.c.obj
 .bss.uxDeletedTasksWaitingCleanUp
                0x200002f8        0x4 cmake/stm32cubemx/CMakeFiles/FreeRTOS.dir/__/__/Middlewares/Third_Party/FreeRTOS/Source/tasks.c.obj
 .bss.xSuspendedTaskList
                0x200002fc       0x14 cmake/stm32cubemx/CMakeFiles/FreeRTOS.dir/__/__/Middlewares/Third_Party/FreeRTOS/Source/tasks.c.obj
 .bss.uxCurrentNumberOfTasks
                0x20000310        0x4 cmake/stm32cubemx/CMakeFiles/FreeRTOS.dir/__/__/Middlewares/Third_Party/FreeRTOS/Source/tasks.c.obj
 .bss.xTickCount
                0x20000314        0x4 cmake/stm32cubemx/CMakeFiles/FreeRTOS.dir/__/__/Middlewares/Third_Party/FreeRTOS/Source/tasks.c.obj
 .bss.uxTopReadyPriority
                0x20000318        0x4 cmake/stm32cubemx/CMakeFiles/FreeRTOS.dir/__/__/Middlewares/Third_Party/FreeRTOS/Source/tasks.c.obj
 .bss.xSchedulerRunning
                0x2000031c        0x4 cmake/stm32cubemx/CMakeFiles/FreeRTOS.dir/__/__/Middlewares/Third_Party/FreeRTOS/Source/tasks.c.obj
 .bss.xPendedTicks
                0x20000320        0x4 cmake/stm32cubemx/CMakeFiles/FreeRTOS.dir/__/__/Middlewares/Third_Party/FreeRTOS/Source/tasks.c.obj
 .bss.xYieldPending
                0x20000324        0x4 cmake/stm32cubemx/CMakeFiles/FreeRTOS.dir/__/__/Middlewares/Third_Party/FreeRTOS/Source/tasks.c.obj
 .bss.xNumOfOverflows
                0x20000328        0x4 cmake/stm32cubemx/CMakeFiles/FreeRTOS.dir/__/__/Middlewares/Third_Party/FreeRTOS/Source/tasks.c.obj
 .bss.uxTaskNumber
                0x2000032c        0x4 cmake/stm32cubemx/CMakeFiles/FreeRTOS.dir/__/__/Middlewares/Third_Party/FreeRTOS/Source/tasks.c.obj
 .bss.xNextTaskUnblockTime
                0x20000330        0x4 cmake/stm32cubemx/CMakeFiles/FreeRTOS.dir/__/__/Middlewares/Third_Party/FreeRTOS/Source/tasks.c.obj
 .bss.xIdleTaskHandle
                0x20000334        0x4 cmake/stm32cubemx/CMakeFiles/FreeRTOS.dir/__/__/Middlewares/Third_Party/FreeRTOS/Source/tasks.c.obj
 .bss.uxSchedulerSuspended
                0x20000338        0x4 cmake/stm32cubemx/CMakeFiles/FreeRTOS.dir/__/__/Middlewares/Third_Party/FreeRTOS/Source/tasks.c.obj
 .bss.ucHeap    0x2000033c     0x2710 cmake/stm32cubemx/CMakeFiles/FreeRTOS.dir/__/__/Middlewares/Third_Party/FreeRTOS/Source/portable/MemMang/heap_4.c.obj
 .bss.xStart    0x20002a4c        0x8 cmake/stm32cubemx/CMakeFiles/FreeRTOS.dir/__/__/Middlewares/Third_Party/FreeRTOS/Source/portable/MemMang/heap_4.c.obj
 .bss.pxEnd     0x20002a54        0x4 cmake/stm32cubemx/CMakeFiles/FreeRTOS.dir/__/__/Middlewares/Third_Party/FreeRTOS/Source/portable/MemMang/heap_4.c.obj
 .bss.xFreeBytesRemaining
                0x20002a58        0x4 cmake/stm32cubemx/CMakeFiles/FreeRTOS.dir/__/__/Middlewares/Third_Party/FreeRTOS/Source/portable/MemMang/heap_4.c.obj
 .bss.xMinimumEverFreeBytesRemaining
                0x20002a5c        0x4 cmake/stm32cubemx/CMakeFiles/FreeRTOS.dir/__/__/Middlewares/Third_Party/FreeRTOS/Source/portable/MemMang/heap_4.c.obj
 .bss.xNumberOfSuccessfulAllocations
                0x20002a60        0x4 cmake/stm32cubemx/CMakeFiles/FreeRTOS.dir/__/__/Middlewares/Third_Party/FreeRTOS/Source/portable/MemMang/heap_4.c.obj
 .bss.xNumberOfSuccessfulFrees
                0x20002a64        0x4 cmake/stm32cubemx/CMakeFiles/FreeRTOS.dir/__/__/Middlewares/Third_Party/FreeRTOS/Source/portable/MemMang/heap_4.c.obj
 .bss.xBlockAllocatedBit
                0x20002a68        0x4 cmake/stm32cubemx/CMakeFiles/FreeRTOS.dir/__/__/Middlewares/Third_Party/FreeRTOS/Source/portable/MemMang/heap_4.c.obj
 .bss.ucMaxSysCallPriority